Component: Arm Compiler for Embedded 6.21 Tool: armlink [5ec1fa00]

==============================================================================

Section Cross References

    main.o(.ARM.exidx.text.delay) refers to main.o(.text.delay) for [Anonymous Symbol]
    main.o(.text.main) refers to system_stm32f4xx.o(.text.SystemCoreClockUpdate) for SystemCoreClockUpdate
    main.o(.text.main) refers to stm32f4xx_hal.o(.text.HAL_Init) for HAL_Init
    main.o(.text.main) refers to lcd.o(.text.LCD_Init) for LCD_Init
    main.o(.text.main) refers to main.o(.text.show_freq_clock) for show_freq_clock
    main.o(.text.main) refers to main.o(.text.print_persian_style) for print_persian_style
    main.o(.text.main) refers to main.o(.text.delay) for delay
    main.o(.ARM.exidx.text.main) refers to main.o(.text.main) for [Anonymous Symbol]
    main.o(.text.show_freq_clock) refers to stm32f4xx_hal_rcc.o(.text.HAL_RCC_GetHCLKFreq) for HAL_RCC_GetHCLKFreq
    main.o(.text.show_freq_clock) refers to main.o(.rodata.str1.1) for .L.str
    main.o(.text.show_freq_clock) refers to snprintf.o(.text) for snprintf
    main.o(.text.show_freq_clock) refers to strlen.o(.text) for strlen
    main.o(.text.show_freq_clock) refers to main.o(.data.messageMHz) for messageMHz
    main.o(.text.show_freq_clock) refers to strncat.o(.text) for strncat
    main.o(.text.show_freq_clock) refers to lcd.o(.text.LCD_Clear) for LCD_Clear
    main.o(.text.show_freq_clock) refers to lcd.o(.text.LCD_Puts) for LCD_Puts
    main.o(.text.show_freq_clock) refers to main.o(.text.delay) for delay
    main.o(.ARM.exidx.text.show_freq_clock) refers to main.o(.text.show_freq_clock) for [Anonymous Symbol]
    main.o(.text.print_persian_style) refers to main.o(.data.alef_hat) for alef_hat
    main.o(.text.print_persian_style) refers to lcd.o(.text.LCD_CreateChar) for LCD_CreateChar
    main.o(.text.print_persian_style) refers to main.o(.data.ze) for ze
    main.o(.text.print_persian_style) refers to main.o(.data.re) for re
    main.o(.text.print_persian_style) refers to main.o(.data.ye_middle_2) for ye_middle_2
    main.o(.text.print_persian_style) refers to lcd.o(.text.LCD_PutCustom) for LCD_PutCustom
    main.o(.ARM.exidx.text.print_persian_style) refers to main.o(.text.print_persian_style) for [Anonymous Symbol]
    main.o(.text.SysTick_Handler) refers to stm32f4xx_hal.o(.text.HAL_IncTick) for HAL_IncTick
    main.o(.ARM.exidx.text.SysTick_Handler) refers to main.o(.text.SysTick_Handler) for [Anonymous Symbol]
    lcd.o(.text.LCD_Delay_us) refers to stm32f4xx_hal.o(.text.HAL_GetTick) for HAL_GetTick
    lcd.o(.ARM.exidx.text.LCD_Delay_us) refers to lcd.o(.text.LCD_Delay_us) for [Anonymous Symbol]
    lcd.o(.text.LCD_Delay_ms) refers to stm32f4xx_hal.o(.text.HAL_Delay) for HAL_Delay
    lcd.o(.ARM.exidx.text.LCD_Delay_ms) refers to lcd.o(.text.LCD_Delay_ms) for [Anonymous Symbol]
    lcd.o(.text.LCD_Init) refers to stm32f4xx_hal_gpio.o(.text.HAL_GPIO_Init) for HAL_GPIO_Init
    lcd.o(.text.LCD_Init) refers to stm32f4xx_hal.o(.text.HAL_GetTick) for HAL_GetTick
    lcd.o(.text.LCD_Init) refers to lcd.o(.text.LCD_Delay_ms) for LCD_Delay_ms
    lcd.o(.text.LCD_Init) refers to lcd.o(.bss.LCD_Opts) for LCD_Opts
    lcd.o(.text.LCD_Init) refers to lcd.o(.text.LCD_Cmd4bit) for LCD_Cmd4bit
    lcd.o(.text.LCD_Init) refers to lcd.o(.text.LCD_Cmd) for LCD_Cmd
    lcd.o(.text.LCD_Init) refers to lcd.o(.text.LCD_DisplayOn) for LCD_DisplayOn
    lcd.o(.text.LCD_Init) refers to lcd.o(.text.LCD_Clear) for LCD_Clear
    lcd.o(.ARM.exidx.text.LCD_Init) refers to lcd.o(.text.LCD_Init) for [Anonymous Symbol]
    lcd.o(.text.LCD_Cmd4bit) refers to stm32f4xx_hal_gpio.o(.text.HAL_GPIO_WritePin) for HAL_GPIO_WritePin
    lcd.o(.text.LCD_Cmd4bit) refers to lcd.o(.text.LCD_Delay_us) for LCD_Delay_us
    lcd.o(.ARM.exidx.text.LCD_Cmd4bit) refers to lcd.o(.text.LCD_Cmd4bit) for [Anonymous Symbol]
    lcd.o(.text.LCD_Cmd) refers to stm32f4xx_hal_gpio.o(.text.HAL_GPIO_WritePin) for HAL_GPIO_WritePin
    lcd.o(.text.LCD_Cmd) refers to lcd.o(.text.LCD_Cmd4bit) for LCD_Cmd4bit
    lcd.o(.ARM.exidx.text.LCD_Cmd) refers to lcd.o(.text.LCD_Cmd) for [Anonymous Symbol]
    lcd.o(.text.LCD_DisplayOn) refers to lcd.o(.bss.LCD_Opts) for LCD_Opts
    lcd.o(.text.LCD_DisplayOn) refers to lcd.o(.text.LCD_Cmd) for LCD_Cmd
    lcd.o(.ARM.exidx.text.LCD_DisplayOn) refers to lcd.o(.text.LCD_DisplayOn) for [Anonymous Symbol]
    lcd.o(.text.LCD_Clear) refers to lcd.o(.text.LCD_Cmd) for LCD_Cmd
    lcd.o(.text.LCD_Clear) refers to lcd.o(.text.LCD_Delay_ms) for LCD_Delay_ms
    lcd.o(.ARM.exidx.text.LCD_Clear) refers to lcd.o(.text.LCD_Clear) for [Anonymous Symbol]
    lcd.o(.text.LCD_Puts) refers to lcd.o(.text.LCD_CursorSet) for LCD_CursorSet
    lcd.o(.text.LCD_Puts) refers to lcd.o(.bss.LCD_Opts) for LCD_Opts
    lcd.o(.text.LCD_Puts) refers to lcd.o(.text.LCD_Data) for LCD_Data
[...]
    ../clib/printf_percent.s                 0x00000000   Number         0  _printf_n.o ABSOLUTE
    ../clib/printf_percent.s                 0x00000000   Number         0  _printf_x.o ABSOLUTE
    ../clib/printf_percent.s                 0x00000000   Number         0  _printf_p.o ABSOLUTE
    ../clib/printf_percent.s                 0x00000000   Number         0  _printf_o.o ABSOLUTE
    ../clib/printf_percent.s                 0x00000000   Number         0  _printf_i.o ABSOLUTE
    ../clib/printf_percent.s                 0x00000000   Number         0  _printf_d.o ABSOLUTE
    ../clib/printf_percent.s                 0x00000000   Number         0  _printf_u.o ABSOLUTE
    ../clib/printf_percent.s                 0x00000000   Number         0  _printf_f.o ABSOLUTE
    ../clib/printf_percent.s                 0x00000000   Number         0  _printf_e.o ABSOLUTE
    ../clib/printf_percent.s                 0x00000000   Number         0  _printf_g.o ABSOLUTE
    ../clib/printf_percent.s                 0x00000000   Number         0  _printf_a.o ABSOLUTE
    ../clib/printf_percent.s                 0x00000000   Number         0  _printf_percent.o ABSOLUTE
    ../clib/printf_percent.s                 0x00000000   Number         0  _printf_lli.o ABSOLUTE
    ../clib/printf_percent.s                 0x00000000   Number         0  _printf_lld.o ABSOLUTE
    ../clib/printf_percent.s                 0x00000000   Number         0  _printf_llu.o ABSOLUTE
    ../clib/printf_percent.s                 0x00000000   Number         0  _printf_ll.o ABSOLUTE
    ../clib/printf_percent.s                 0x00000000   Number         0  _printf_l.o ABSOLUTE
    ../clib/printf_percent.s                 0x00000000   Number         0  _printf_lc.o ABSOLUTE
    ../clib/printf_percent.s                 0x00000000   Number         0  _printf_ls.o ABSOLUTE
    ../clib/printf_percent.s                 0x00000000   Number         0  _printf_llo.o ABSOLUTE
    ../clib/printf_percent.s                 0x00000000   Number         0  _printf_llx.o ABSOLUTE
    ../clib/printf_percent.s                 0x00000000   Number         0  _printf_percent_end.o ABSOLUTE
    ../clib/signal.c                         0x00000000   Number         0  defsig_fpe_outer.o ABSOLUTE
    ../clib/signal.c                         0x00000000   Number         0  defsig_fpe_formal.o ABSOLUTE
    ../clib/signal.c                         0x00000000   Number         0  defsig_exit.o ABSOLUTE
    ../clib/signal.c                         0x00000000   Number         0  defsig_fpe_inner.o ABSOLUTE
    ../clib/signal.c                         0x00000000   Number         0  __raise.o ABSOLUTE
    ../clib/signal.c                         0x00000000   Number         0  defsig_general.o ABSOLUTE
    ../clib/signal.c                         0x00000000   Number         0  defsig_abrt_inner.o ABSOLUTE
    ../clib/signal.c                         0x00000000   Number         0  defsig_rtred_inner.o ABSOLUTE
    ../clib/signal.c                         0x00000000   Number         0  defsig_rtmem_inner.o ABSOLUTE
    ../clib/signal.c                         0x00000000   Number         0  defsig_rtmem_outer.o ABSOLUTE
    ../clib/signal.c                         0x00000000   Number         0  defsig_rtmem_formal.o ABSOLUTE
    ../clib/signal.c                         0x00000000   Number         0  defsig_stak_inner.o ABSOLUTE
    ../clib/signal.c                         0x00000000   Number         0  defsig_pvfn_inner.o ABSOLUTE
    ../clib/signal.c                         0x00000000   Number         0  defsig_cppl_inner.o ABSOLUTE
    ../clib/signal.c                         0x00000000   Number         0  defsig_segv_inner.o ABSOLUTE
    ../clib/signal.c                         0x00000000   Number         0  defsig_other.o ABSOLUTE
    ../clib/signal.s                         0x00000000   Number         0  defsig.o ABSOLUTE
    ../clib/stdlib.c                         0x00000000   Number         0  exit.o ABSOLUTE
    ../clib/string.c                         0x00000000   Number         0  strncat.o ABSOLUTE
    ../clib/string.c                         0x00000000   Number         0  strlen.o ABSOLUTE
    ../fplib/fpinit.s                        0x00000000   Number         0  fpinit.o ABSOLUTE
    ../fplib/istatus.s                       0x00000000   Number         0  istatus.o ABSOLUTE
    ../fplib/printf1.s                       0x00000000   Number         0  printf1.o ABSOLUTE
    ../fplib/printf2.s                       0x00000000   Number         0  printf2.o ABSOLUTE
    ../fplib/printf2a.s                      0x00000000   Number         0  printf2a.o ABSOLUTE
    ../fplib/printf2b.s                      0x00000000   Number         0  printf2b.o ABSOLUTE
    ../fplib/usenofp.s                       0x00000000   Number         0  usenofp.o ABSOLUTE
    ../mathlib/fpclassify.c                  0x00000000   Number         0  fpclassify.o ABSOLUTE
    LCD.c                                    0x00000000   Number         0  lcd.o ABSOLUTE
    RTE/Device/STM32F401RETx/startup_stm32f401xe.s 0x00000000   Number         0  startup_stm32f401xe.o ABSOLUTE
    dc.s                                     0x00000000   Number         0  dc.o ABSOLUTE
    main.c                                   0x00000000   Number         0  main.o ABSOLUTE
    stm32f4xx_hal.c                          0x00000000   Number         0  stm32f4xx_hal.o ABSOLUTE
    stm32f4xx_hal_cortex.c                   0x00000000   Number         0  stm32f4xx_hal_cortex.o ABSOLUTE
    stm32f4xx_hal_gpio.c                     0x00000000   Number         0  stm32f4xx_hal_gpio.o ABSOLUTE
    stm32f4xx_hal_pwr.c                      0x00000000   Number         0  stm32f4xx_hal_pwr.o ABSOLUTE
    stm32f4xx_hal_pwr_ex.c                   0x00000000   Number         0  stm32f4xx_hal_pwr_ex.o ABSOLUTE
    stm32f4xx_hal_rcc.c                      0x00000000   Number         0  stm32f4xx_hal_rcc.o ABSOLUTE
    stm32f4xx_hal_rcc_ex.c                   0x00000000   Number         0  stm32f4xx_hal_rcc_ex.o ABSOLUTE
    system_stm32f4xx.c                       0x00000000   Number         0  system_stm32f4xx.o ABSOLUTE
    RESET                                    0x08000000   Section      404  startup_stm32f401xe.o(RESET)
    !!!main                                  0x08000194   Section        8  __main.o(!!!main)
    !!!scatter                               0x0800019c   Section       92  __scatter.o(!!!scatter)
    !!handler_copy                           0x080001f8   Section       26  __scatter_copy.o(!!handler_copy)
    !!handler_null                           0x08000214   Section        2  __scatter.o(!!handler_null)
    !!handler_zi                             0x08000218   Section       28  __scatter_zi.o(!!handler_zi)
    .ARM.Collect$$_printf_percent$$00000000  0x08000234   Section        0  _printf_percent.o(.ARM.Collect$$_printf_percent$$00000000)
    .ARM.Collect$$_printf_percent$$00000001  0x08000234   Section        6  _printf_n.o(.ARM.Collect$$_printf_percent$$00000001)
    .ARM.Collect$$_printf_percent$$00000002  0x0800023a   Section        6  _printf_p.o(.ARM.Collect$$_printf_percent$$00000002)
    .ARM.Collect$$_printf_percent$$00000003  0x08000240   Section        6  _printf_f.o(.ARM.Collect$$_printf_percent$$00000003)
    .ARM.Collect$$_printf_percent$$00000004  0x08000246   Section        6  _printf_e.o(.ARM.Collect$$_printf_percent$$00000004)
    .ARM.Collect$$_printf_percent$$00000005  0x0800024c   Section        6  _printf_g.o(.ARM.Collect$$_printf_percent$$00000005)
    .ARM.Collect$$_printf_percent$$00000006  0x08000252   Section        6  _printf_a.o(.ARM.Collect$$_printf_percent$$00000006)
    .ARM.Collect$$_printf_percent$$00000007  0x08000258   Section       10  _printf_ll.o(.ARM.Collect$$_printf_percent$$00000007)
    .ARM.Collect$$_printf_percent$$00000008  0x08000262   Section        6  _printf_i.o(.ARM.Collect$$_printf_percent$$00000008)
    .ARM.Collect$$_printf_percent$$00000009  0x08000268   Section        6  _printf_d.o(.ARM.Collect$$_printf_percent$$00000009)
    .ARM.Collect$$_printf_percent$$0000000A  0x0800026e   Section        6  _printf_u.o(.ARM.Collect$$_printf_percent$$0000000A)
    .ARM.Collect$$_printf_percent$$0000000B  0x08000274   Section        6  _printf_o.o(.ARM.Collect$$_printf_percent$$0000000B)
    .ARM.Collect$$_printf_percent$$0000000C  0x0800027a   Section        6  _printf_x.o(.ARM.Collect$$_printf_percent$$0000000C)
    .ARM.Collect$$_printf_percent$$0000000D  0x08000280   Section        6  _printf_lli.o(.ARM.Collect$$_printf_percent$$0000000D)
    .ARM.Collect$$_printf_percent$$0000000E  0x08000286   Section        6  _printf_lld.o(.ARM.Collect$$_printf_percent$$0000000E)
    .ARM.Collect$$_printf_percent$$0000000F  0x0800028c   Section        6  _printf_llu.o(.ARM.Collect$$_printf_percent$$0000000F)
    .ARM.Collect$$_printf_percent$$00000010  0x08000292   Section        6  _printf_llo.o(.ARM.Collect$$_printf_percent$$00000010)
    .ARM.Collect$$_printf_percent$$00000011  0x08000298   Section        6  _printf_llx.o(.ARM.Collect$$_printf_percent$$00000011)
    .ARM.Collect$$_printf_percent$$00000012  0x0800029e   Section       10  _printf_l.o(.ARM.Collect$$_printf_percent$$00000012)
    .ARM.Collect$$_printf_percent$$00000013  0x080002a8   Section        6  _printf_c.o(.ARM.Collect$$_printf_percent$$00000013)
    .ARM.Collect$$_printf_percent$$00000014  0x080002ae   Section        6  _printf_s.o(.ARM.Collect$$_printf_percent$$00000014)
    .ARM.Collect$$_printf_percent$$00000015  0x080002b4   Section        6  _printf_lc.o(.ARM.Collect$$_printf_percent$$00000015)
    .ARM.Collect$$_printf_percent$$00000016  0x080002ba   Section        6  _printf_ls.o(.ARM.Collect$$_printf_percent$$00000016)
    .ARM.Collect$$_printf_percent$$00000017  0x080002c0   Section        4  _printf_percent_end.o(.ARM.Collect$$_printf_percent$$00000017)
    .ARM.Collect$$libinit$$00000000          0x080002c4   Section        2  libinit.o(.ARM.Collect$$libinit$$00000000)
    .ARM.Collect$$libinit$$00000001          0x080002c6   Section        4  libinit2.o(.ARM.Collect$$libinit$$00000001)
    .ARM.Collect$$libinit$$00000004          0x080002ca   Section        0  libinit2.o(.ARM.Collect$$libinit$$00000004)
    .ARM.Collect$$libinit$$00000006          0x080002ca   Section        0  libinit2.o(.ARM.Collect$$libinit$$00000006)
    .ARM.Collect$$libinit$$0000000C          0x080002ca   Section        0  libinit2.o(.ARM.Collect$$libinit$$0000000C)
    .ARM.Collect$$libinit$$0000000E          0x080002ca   Section        0  libinit2.o(.ARM.Collect$$libinit$$0000000E)
    .ARM.Collect$$libinit$$00000010          0x080002ca   Section        0  libinit2.o(.ARM.Collect$$libinit$$00000010)
    .ARM.Collect$$libinit$$00000011          0x080002ca   Section        6  libinit2.o(.ARM.Collect$$libinit$$00000011)
    .ARM.Collect$$libinit$$00000013          0x080002d0   Section        0  libinit2.o(.ARM.Collect$$libinit$$00000013)
    .ARM.Collect$$libinit$$00000014          0x080002d0   Section       12  libinit2.o(.ARM.Collect$$libinit$$00000014)
    .ARM.Collect$$libinit$$00000015          0x080002dc   Section        0  libinit2.o(.ARM.Collect$$libinit$$00000015)
    .ARM.Collect$$libinit$$00000017          0x080002dc   Section        0  libinit2.o(.ARM.Collect$$libinit$$00000017)
    .ARM.Collect$$libinit$$00000018          0x080002dc   Section       10  libinit2.o(.ARM.Collect$$libinit$$00000018)
    .ARM.Collect$$libinit$$00000019          0x080002e6   Section        0  libinit2.o(.ARM.Collect$$libinit$$00000019)
    .ARM.Collect$$libinit$$0000001B          0x080002e6   Section        0  libinit2.o(.ARM.Collect$$libinit$$0000001B)
    .ARM.Collect$$libinit$$0000001D          0x080002e6   Section        0  libinit2.o(.ARM.Collect$$libinit$$0000001D)
    .ARM.Collect$$libinit$$0000001F          0x080002e6   Section        0  libinit2.o(.ARM.Collect$$libinit$$0000001F)
    .ARM.Collect$$libinit$$00000021          0x080002e6   Section        0  libinit2.o(.ARM.Collect$$libinit$$00000021)
    .ARM.Collect$$libinit$$00000023          0x080002e6   Section        0  libinit2.o(.ARM.Collect$$libinit$$00000023)
    .ARM.Collect$$libinit$$00000025          0x080002e6   Section        0  libinit2.o(.ARM.Collect$$libinit$$00000025)
    .ARM.Collect$$libinit$$00000027          0x080002e6   Section        0  libinit2.o(.ARM.Collect$$libinit$$00000027)
    .ARM.Collect$$libinit$$0000002E          0x080002e6   Section        0  libinit2.o(.ARM.Collect$$libinit$$0000002E)
    .ARM.Collect$$libinit$$00000030          0x080002e6   Section        0  libinit2.o(.ARM.Collect$$libinit$$00000030)
    .ARM.Collect$$libinit$$00000032          0x080002e6   Section        0  libinit2.o(.ARM.Collect$$libinit$$00000032)
    .ARM.Collect$$libinit$$00000034          0x080002e6   Section        0  libinit2.o(.ARM.Collect$$libinit$$00000034)
    .ARM.Collect$$libinit$$00000035          0x080002e6   Section        2  libinit2.o(.ARM.Collect$$libinit$$00000035)
    .ARM.Collect$$libshutdown$$00000000      0x080002e8   Section        2  libshutdown.o(.ARM.Collect$$libshutdown$$00000000)
    .ARM.Collect$$libshutdown$$00000002      0x080002ea   Section        0  libshutdown2.o(.ARM.Collect$$libshutdown$$00000002)
    .ARM.Collect$$libshutdown$$00000004      0x080002ea   Section        0  libshutdown2.o(.ARM.Collect$$libshutdown$$00000004)
    .ARM.Collect$$libshutdown$$00000007      0x080002ea   Section        0  libshutdown2.o(.ARM.Collect$$libshutdown$$00000007)
    .ARM.Collect$$libshutdown$$0000000A      0x080002ea   Section        0  libshutdown2.o(.ARM.Collect$$libshutdown$$0000000A)
    .ARM.Collect$$libshutdown$$0000000C      0x080002ea   Section        0  libshutdown2.o(.ARM.Collect$$libshutdown$$0000000C)
    .ARM.Collect$$libshutdown$$0000000F      0x080002ea   Section        0  libshutdown2.o(.ARM.Collect$$libshutdown$$0000000F)
    .ARM.Collect$$libshutdown$$00000010      0x080002ea   Section        2  libshutdown2.o(.ARM.Collect$$libshutdown$$00000010)
    .ARM.Collect$$rtentry$$00000000          0x080002ec   Section        0  __rtentry.o(.ARM.Collect$$rtentry$$00000000)
    .ARM.Collect$$rtentry$$00000002          0x080002ec   Section        0  __rtentry2.o(.ARM.Collect$$rtentry$$00000002)
    .ARM.Collect$$rtentry$$00000004          0x080002ec   Section        6  __rtentry4.o(.ARM.Collect$$rtentry$$00000004)
    .ARM.Collect$$rtentry$$00000009          0x080002f2   Section        0  __rtentry2.o(.ARM.Collect$$rtentry$$00000009)
    .ARM.Collect$$rtentry$$0000000A          0x080002f2   Section        4  __rtentry2.o(.ARM.Collect$$rtentry$$0000000A)
    .ARM.Collect$$rtentry$$0000000C          0x080002f6   Section        0  __rtentry2.o(.ARM.Collect$$rtentry$$0000000C)
    .ARM.Collect$$rtentry$$0000000D          0x080002f6   Section        8  __rtentry2.o(.ARM.Collect$$rtentry$$0000000D)
    .ARM.Collect$$rtexit$$00000000           0x080002fe   Section        2  rtexit.o(.ARM.Collect$$rtexit$$00000000)
    .ARM.Collect$$rtexit$$00000002           0x08000300   Section        0  rtexit2.o(.ARM.Collect$$rtexit$$00000002)
    .ARM.Collect$$rtexit$$00000003           0x08000300   Section        4  rtexit2.o(.ARM.Collect$$rtexit$$00000003)
    .ARM.Collect$$rtexit$$00000004           0x08000304   Section        6  rtexit2.o(.ARM.Collect$$rtexit$$00000004)
    $v0                                      0x0800030c   Number         0  startup_stm32f401xe.o(.text)
    .text                                    0x0800030c   Section       64  startup_stm32f401xe.o(.text)
    .text                                    0x0800034c   Section        0  snprintf.o(.text)
    .text                                    0x0800038c   Section        0  strncat.o(.text)
    .text                                    0x080003b0   Section        0  strlen.o(.text)
    .text                                    0x080003ee   Section        0  heapauxi.o(.text)
    .text                                    0x080003f4   Section        0  _printf_pad.o(.text)
    .text                                    0x08000442   Section        0  _printf_truncate.o(.text)
    .text                                    0x08000466   Section        0  _printf_str.o(.text)
    .text                                    0x080004b8   Section        0  _printf_dec.o(.text)
    .text                                    0x08000530   Section        0  _printf_charcount.o(.text)
    _printf_input_char                       0x08000559   Thumb Code    10  _printf_char_common.o(.text)
    .text                                    0x08000558   Section        0  _printf_char_common.o(.text)
    .text                                    0x08000588   Section        0  _snputc.o(.text)
    .text                                    0x08000598   Section        0  _printf_wctomb.o(.text)
    .text                                    0x08000654   Section        0  _printf_longlong_dec.o(.text)
    _printf_longlong_oct_internal            0x080006d1   Thumb Code     0  _printf_oct_int_ll.o(.text)
    .text                                    0x080006d0   Section        0  _printf_oct_int_ll.o(.text)
    _printf_hex_common                       0x08000741   Thumb Code     0  _printf_hex_int_ll_ptr.o(.text)
    .text                                    0x08000740   Section        0  _printf_hex_int_ll_ptr.o(.text)
    .text                                    0x080007d4   Section        0  __printf_flags_ss_wp.o(.text)
    .text                                    0x0800095c   Section      138  lludiv10.o(.text)
    .text                                    0x080009e6   Section        0  _printf_intcommon.o(.text)
    _fp_digits                               0x08000a99   Thumb Code   432  _printf_fp_dec.o(.text)
    .text                                    0x08000a98   Section        0  _printf_fp_dec.o(.text)
    .text                                    0x08000eb4   Section        0  _printf_fp_hex.o(.text)
    .text                                    0x080011b0   Section        0  _printf_char.o(.text)
    .text                                    0x080011dc   Section        0  _printf_wchar.o(.text)
    .text                                    0x08001208   Section        0  _c16rtomb.o(.text)
    .text                                    0x08001250   Section       74  sys_stackheap_outer.o(.text)
    .text                                    0x0800129c   Section       16  rt_ctype_table.o(.text)
    .text                                    0x080012ac   Section        8  rt_locale_intlibspace.o(.text)
    .text                                    0x080012b4   Section        0  _printf_fp_infnan.o(.text)
    .text                                    0x08001334   Section        0  bigflt0.o(.text)
    .text                                    0x08001418   Section        0  exit.o(.text)
    .text                                    0x0800142c   Section        8  libspace.o(.text)
    .text                                    0x08001438   Section      124  strcmpv7em.o(.text)
    .text                                    0x080014b4   Section        0  sys_exit.o(.text)
    .text                                    0x080014c0   Section        2  use_no_semi.o(.text)
    .text                                    0x080014c2   Section        0  indicate_semi.o(.text)
    [Anonymous Symbol]                       0x080014c4   Section        0  stm32f4xx_hal.o(.text.HAL_Delay)
    [Anonymous Symbol]                       0x08001508   Section        0  stm32f4xx_hal_gpio.o(.text.HAL_GPIO_Init)
    [Anonymous Symbol]                       0x0800186c   Section        0  stm32f4xx_hal_gpio.o(.text.HAL_GPIO_WritePin)
    [Anonymous Symbol]                       0x0800189c   Section        0  stm32f4xx_hal.o(.text.HAL_GetTick)
    [Anonymous Symbol]                       0x080018a8   Section        0  stm32f4xx_hal.o(.text.HAL_IncTick)
    [Anonymous Symbol]                       0x080018c4   Section        0  stm32f4xx_hal.o(.text.HAL_Init)
    [Anonymous Symbol]                       0x080018f4   Section        0  stm32f4xx_hal.o(.text.HAL_InitTick)
    [Anonymous Symbol]                       0x08001964   Section        0  stm32f4xx_hal.o(.text.HAL_MspInit)
    [Anonymous Symbol]                       0x08001968   Section        0  stm32f4xx_hal_cortex.o(.text.HAL_NVIC_SetPriority)
    [Anonymous Symbol]                       0x0800199c   Section        0  stm32f4xx_hal_cortex.o(.text.HAL_NVIC_SetPriorityGrouping)
    [Anonymous Symbol]                       0x080019ac   Section        0  stm32f4xx_hal_rcc.o(.text.HAL_RCC_GetHCLKFreq)
    [Anonymous Symbol]                       0x080019b8   Section        0  stm32f4xx_hal_cortex.o(.text.HAL_SYSTICK_Config)
    [Anonymous Symbol]                       0x080019c8   Section        0  lcd.o(.text.LCD_Clear)
    LCD_Cmd                                  0x080019d9   Thumb Code    50  lcd.o(.text.LCD_Cmd)
    [Anonymous Symbol]                       0x080019d8   Section        0  lcd.o(.text.LCD_Cmd)
    LCD_Cmd4bit                              0x08001a0d   Thumb Code   136  lcd.o(.text.LCD_Cmd4bit)
    [Anonymous Symbol]                       0x08001a0c   Section        0  lcd.o(.text.LCD_Cmd4bit)
    [Anonymous Symbol]                       0x08001a94   Section        0  lcd.o(.text.LCD_CreateChar)
    LCD_CursorSet                            0x08001aed   Thumb Code    88  lcd.o(.text.LCD_CursorSet)
    [Anonymous Symbol]                       0x08001aec   Section        0  lcd.o(.text.LCD_CursorSet)
    LCD_Data                                 0x08001b45   Thumb Code    50  lcd.o(.text.LCD_Data)
    [Anonymous Symbol]                       0x08001b44   Section        0  lcd.o(.text.LCD_Data)
    [Anonymous Symbol]                       0x08001b78   Section        0  lcd.o(.text.LCD_Delay_ms)
    [Anonymous Symbol]                       0x08001b8c   Section        0  lcd.o(.text.LCD_Delay_us)
    [Anonymous Symbol]                       0x08001c08   Section        0  lcd.o(.text.LCD_DisplayOn)
    [Anonymous Symbol]                       0x08001c28   Section        0  lcd.o(.text.LCD_Init)
    [Anonymous Symbol]                       0x08001d40   Section        0  lcd.o(.text.LCD_PutCustom)
    [Anonymous Symbol]                       0x08001d68   Section        0  lcd.o(.text.LCD_Puts)
    NVIC_EncodePriority                      0x08001e21   Thumb Code   108  stm32f4xx_hal_cortex.o(.text.NVIC_EncodePriority)
    [Anonymous Symbol]                       0x08001e20   Section        0  stm32f4xx_hal_cortex.o(.text.NVIC_EncodePriority)
    SysTick_Config                           0x08001e8d   Thumb Code    82  stm32f4xx_hal_cortex.o(.text.SysTick_Config)
    [Anonymous Symbol]                       0x08001e8c   Section        0  stm32f4xx_hal_cortex.o(.text.SysTick_Config)
    [Anonymous Symbol]                       0x08001ee0   Section        0  main.o(.text.SysTick_Handler)
    [Anonymous Symbol]                       0x08001ee8   Section        0  system_stm32f4xx.o(.text.SystemCoreClockUpdate)
    [Anonymous Symbol]                       0x08002018   Section        0  system_stm32f4xx.o(.text.SystemInit)
    __NVIC_GetPriorityGrouping               0x0800202d   Thumb Code    16  stm32f4xx_hal_cortex.o(.text.__NVIC_GetPriorityGrouping)
    [Anonymous Symbol]                       0x0800202c   Section        0  stm32f4xx_hal_cortex.o(.text.__NVIC_GetPriorityGrouping)
    __NVIC_SetPriority                       0x0800203d   Thumb Code    66  stm32f4xx_hal_cortex.o(.text.__NVIC_SetPriority)
    [Anonymous Symbol]                       0x0800203c   Section        0  stm32f4xx_hal_cortex.o(.text.__NVIC_SetPriority)
    __NVIC_SetPriorityGrouping               0x08002081   Thumb Code    60  stm32f4xx_hal_cortex.o(.text.__NVIC_SetPriorityGrouping)
    [Anonymous Symbol]                       0x08002080   Section        0  stm32f4xx_hal_cortex.o(.text.__NVIC_SetPriorityGrouping)
    [Anonymous Symbol]                       0x080020bc   Section        0  main.o(.text.delay)
    [Anonymous Symbol]                       0x080020e0   Section        0  main.o(.text.main)
    [Anonymous Symbol]                       0x08002170   Section        0  main.o(.text.print_persian_style)
    [Anonymous Symbol]                       0x080021ec   Section        0  main.o(.text.show_freq_clock)
    CL$$btod_d2e                             0x08002252   Section       62  btod.o(CL$$btod_d2e)
    CL$$btod_d2e_denorm_low                  0x08002290   Section       70  btod.o(CL$$btod_d2e_denorm_low)
    CL$$btod_d2e_norm_op1                    0x080022d6   Section       96  btod.o(CL$$btod_d2e_norm_op1)
    CL$$btod_div_common                      0x08002338   Section      824  btod.o(CL$$btod_div_common)
    CL$$btod_e2e                             0x08002670   Section      220  btod.o(CL$$btod_e2e)
    CL$$btod_ediv                            0x0800274c   Section       42  btod.o(CL$$btod_ediv)
    CL$$btod_emul                            0x08002776   Section       42  btod.o(CL$$btod_emul)
    CL$$btod_mult_common                     0x080027a0   Section      580  btod.o(CL$$btod_mult_common)
    i.__ARM_fpclassify                       0x080029e4   Section        0  fpclassify.o(i.__ARM_fpclassify)
    i._is_digit                              0x08002a14   Section        0  __printf_wp.o(i._is_digit)
    locale$$code                             0x08002a24   Section       44  lc_numeric_c.o(locale$$code)
    locale$$code                             0x08002a50   Section       44  lc_ctype_c.o(locale$$code)
    $v0                                      0x08002a7c   Number         0  fpinit.o(x$fpl$fpinit)
    x$fpl$fpinit                             0x08002a7c   Section       26  fpinit.o(x$fpl$fpinit)
    $v0                                      0x08002a96   Number         0  printf1.o(x$fpl$printf1)
    x$fpl$printf1                            0x08002a96   Section        4  printf1.o(x$fpl$printf1)
    $v0                                      0x08002a9a   Number         0  printf2.o(x$fpl$printf2)
    x$fpl$printf2                            0x08002a9a   Section        4  printf2.o(x$fpl$printf2)
    x$fpl$usenofp                            0x08002a9e   Section        0  usenofp.o(x$fpl$usenofp)
    initial_mbstate                          0x08002aa0   Data           8  _printf_wctomb.o(.constdata)
    .constdata                               0x08002aa0   Section        8  _printf_wctomb.o(.constdata)
    uc_hextab                                0x08002aa8   Data          20  _printf_hex_int_ll_ptr.o(.constdata)
    .constdata                               0x08002aa8   Section       40  _printf_hex_int_ll_ptr.o(.constdata)
    lc_hextab                                0x08002abc   Data          20  _printf_hex_int_ll_ptr.o(.constdata)
    maptable                                 0x08002ad0   Data          17  __printf_flags_ss_wp.o(.constdata)
    .constdata                               0x08002ad0   Section       17  __printf_flags_ss_wp.o(.constdata)
    lc_hextab                                0x08002ae1   Data          19  _printf_fp_hex.o(.constdata)
    .constdata                               0x08002ae1   Section       38  _printf_fp_hex.o(.constdata)
    uc_hextab                                0x08002af4   Data          19  _printf_fp_hex.o(.constdata)
    tenpwrs_x                                0x08002b08   Data          60  bigflt0.o(.constdata)
    .constdata                               0x08002b08   Section      148  bigflt0.o(.constdata)
    tenpwrs_i                                0x08002b44   Data          64  bigflt0.o(.constdata)
    .L.str                                   0x08002bac   Data           4  main.o(.rodata.str1.1)
    [Anonymous Symbol]                       0x08002bac   Section        0  main.o(.rodata.str1.1)
    locale$$data                             0x08002bd0   Section       28  lc_numeric_c.o(locale$$data)
    __lcnum_c_name                           0x08002bd4   Data           2  lc_numeric_c.o(locale$$data)
    __lcnum_c_start                          0x08002bdc   Data           0  lc_numeric_c.o(locale$$data)
    __lcnum_c_point                          0x08002be8   Data           0  lc_numeric_c.o(locale$$data)
    __lcnum_c_thousands                      0x08002bea   Data           0  lc_numeric_c.o(locale$$data)
    __lcnum_c_grouping                       0x08002beb   Data           0  lc_numeric_c.o(locale$$data)
    __lcnum_c_end                            0x08002bec   Data           0  lc_numeric_c.o(locale$$data)
    locale$$data                             0x08002bec   Section      272  lc_ctype_c.o(locale$$data)
    __lcctype_c_name                         0x08002bf0   Data           2  lc_ctype_c.o(locale$$data)
    __lcctype_c_start                        0x08002bf8   Data           0  lc_ctype_c.o(locale$$data)
    __lcctype_c_end                          0x08002cfc   Data           0  lc_ctype_c.o(locale$$data)
    alef_hat                                 0x20000004   Data           8  main.o(.data.alef_hat)
    [Anonymous Symbol]                       0x20000004   Section        0  main.o(.data.alef_hat)
    re                                       0x20000011   Data           8  main.o(.data.re)
    [Anonymous Symbol]                       0x20000011   Section        0  main.o(.data.re)
    ye_middle_2                              0x20000020   Data           8  main.o(.data.ye_middle_2)
    [Anonymous Symbol]                       0x20000020   Section        0  main.o(.data.ye_middle_2)
    ze                                       0x20000028   Data           8  main.o(.data.ze)
    [Anonymous Symbol]                       0x20000028   Section        0  main.o(.data.ze)
    .bss                                     0x20000030   Section       96  libspace.o(.bss)
    LCD_Opts                                 0x20000090   Data           5  lcd.o(.bss.LCD_Opts)
    [Anonymous Symbol]                       0x20000090   Section        0  lcd.o(.bss.LCD_Opts)
    Heap_Mem                                 0x200000a0   Data         512  startup_stm32f401xe.o(HEAP)
    HEAP                                     0x200000a0   Section      512  startup_stm32f401xe.o(HEAP)
    Stack_Mem                                0x200002a0   Data        1024  startup_stm32f401xe.o(STACK)
    STACK                                    0x200002a0   Section     1024  startup_stm32f401xe.o(STACK)
    __initial_sp                             0x200006a0   Data           0  startup_stm32f401xe.o(STACK)

    Global Symbols

    Symbol Name                              Value     Ov Type        Size  Object(Section)

    BuildAttributes$$THM_ISAv4$E$P$D$K$B$S$7EM$VFPi3$EXTD16$VFPS$VFMA$PE$A:L22UL41UL21$X:L11$S22US41US21$IEEE1$IW$~IW$USESV6$~STKCKD$USESV7$~SHL$OTIME$ROPI$IEEEJ$EBA8$UX$STANDARDLIB$REQ8$PRES8$EABIv2 0x00000000   Number         0  anon$$obj.o ABSOLUTE
    _printf_flags                            0x00000000   Number         0  printf_stubs.o ABSOLUTE
    _printf_return_value                     0x00000000   Number         0  printf_stubs.o ABSOLUTE
    _printf_sizespec                         0x00000000   Number         0  printf_stubs.o ABSOLUTE
    _printf_widthprec                        0x00000000   Number         0  printf_stubs.o ABSOLUTE
    __ARM_exceptions_init                     - Undefined Weak Reference
    __alloca_initialize                       - Undefined Weak Reference
    __arm_preinit_                            - Undefined Weak Reference
    __arm_relocate_pie_                       - Undefined Weak Reference
    __cpp_initialize__aeabi_                  - Undefined Weak Reference
    __cxa_finalize                            - Undefined Weak Reference
    __sigvec_lookup                           - Undefined Weak Reference
    _atexit_init                              - Undefined Weak Reference
    _call_atexit_fns                          - Undefined Weak Reference
    _clock_init                               - Undefined Weak Reference
    _fp_trap_init                             - Undefined Weak Reference
    _fp_trap_shutdown                         - Undefined Weak Reference
    _get_lc_collate                           - Undefined Weak Reference
    _get_lc_monetary                          - Undefined Weak Reference
    _get_lc_time                              - Undefined Weak Reference
    _getenv_init                              - Undefined Weak Reference
    _handle_redirection                       - Undefined Weak Reference
    _init_alloc                               - Undefined Weak Reference
    _init_user_alloc                          - Undefined Weak Reference
    _initio                                   - Undefined Weak Reference
    _printf_mbtowc                            - Undefined Weak Reference
    _printf_wc                                - Undefined Weak Reference
    _rand_init                                - Undefined Weak Reference
    _signal_finish                            - Undefined Weak Reference
    _signal_init                              - Undefined Weak Reference
    _terminate_alloc                          - Undefined Weak Reference
    _terminate_user_alloc                     - Undefined Weak Reference
    _terminateio                              - Undefined Weak Reference
    __Vectors_Size                           0x00000194   Number         0  startup_stm32f401xe.o ABSOLUTE
    __Vectors                                0x08000000   Data           4  startup_stm32f401xe.o(RESET)
    __Vectors_End                            0x08000194   Data           0  startup_stm32f401xe.o(RESET)
    __main                                   0x08000195   Thumb Code     8  __main.o(!!!main)
    __scatterload                            0x0800019d   Thumb Code     0  __scatter.o(!!!scatter)
    __scatterload_rt2                        0x0800019d   Thumb Code    84  __scatter.o(!!!scatter)
    __scatterload_rt2_thumb_only             0x0800019d   Thumb Code     0  __scatter.o(!!!scatter)
    __scatterload_loop                       0x080001a7   Thumb Code     0  __scatter.o(!!!scatter)
    __scatterload_copy                       0x080001f9   Thumb Code    26  __scatter_copy.o(!!handler_copy)
    __scatterload_null                       0x08000215   Thumb Code     2  __scatter.o(!!handler_null)
    __scatterload_zeroinit                   0x08000219   Thumb Code    28  __scatter_zi.o(!!handler_zi)
    _printf_n                                0x08000235   Thumb Code     0  _printf_n.o(.ARM.Collect$$_printf_percent$$00000001)
    _printf_percent                          0x08000235   Thumb Code     0  _printf_percent.o(.ARM.Collect$$_printf_percent$$00000000)
    _printf_p                                0x0800023b   Thumb Code     0  _printf_p.o(.ARM.Collect$$_printf_percent$$00000002)
    _printf_f                                0x08000241   Thumb Code     0  _printf_f.o(.ARM.Collect$$_printf_percent$$00000003)
    _printf_e                                0x08000247   Thumb Code     0  _printf_e.o(.ARM.Collect$$_printf_percent$$00000004)
    _printf_g                                0x0800024d   Thumb Code     0  _printf_g.o(.ARM.Collect$$_printf_percent$$00000005)
    _printf_a                                0x08000253   Thumb Code     0  _printf_a.o(.ARM.Collect$$_printf_percent$$00000006)
    _printf_ll                               0x08000259   Thumb Code     0  _printf_ll.o(.ARM.Collect$$_printf_percent$$00000007)
    _printf_i                                0x08000263   Thumb Code     0  _printf_i.o(.ARM.Collect$$_printf_percent$$00000008)
    _printf_d                                0x08000269   Thumb Code     0  _printf_d.o(.ARM.Collect$$_printf_percent$$00000009)
    _printf_u                                0x0800026f   Thumb Code     0  _printf_u.o(.ARM.Collect$$_printf_percent$$0000000A)
    _printf_o                                0x08000275   Thumb Code     0  _printf_o.o(.ARM.Collect$$_printf_percent$$0000000B)
    _printf_x                                0x0800027b   Thumb Code     0  _printf_x.o(.ARM.Collect$$_printf_percent$$0000000C)
    _printf_lli                              0x08000281   Thumb Code     0  _printf_lli.o(.ARM.Collect$$_printf_percent$$0000000D)
    _printf_lld                              0x08000287   Thumb Code     0  _printf_lld.o(.ARM.Collect$$_printf_percent$$0000000E)
    _printf_llu                              0x0800028d   Thumb Code     0  _printf_llu.o(.ARM.Collect$$_printf_percent$$0000000F)
    _printf_llo                              0x08000293   Thumb Code     0  _printf_llo.o(.ARM.Collect$$_printf_percent$$00000010)
    _printf_llx                              0x08000299   Thumb Code     0  _printf_llx.o(.ARM.Collect$$_printf_percent$$00000011)
    _printf_l                                0x0800029f   Thumb Code     0  _printf_l.o(.ARM.Collect$$_printf_percent$$00000012)
    _printf_c                                0x080002a9   Thumb Code     0  _printf_c.o(.ARM.Collect$$_printf_percent$$00000013)
    _printf_s                                0x080002af   Thumb Code     0  _printf_s.o(.ARM.Collect$$_printf_percent$$00000014)
    _printf_lc                               0x080002b5   Thumb Code     0  _printf_lc.o(.ARM.Collect$$_printf_percent$$00000015)
    _printf_ls                               0x080002bb   Thumb Code     0  _printf_ls.o(.ARM.Collect$$_printf_percent$$00000016)
    _printf_percent_end                      0x080002c1   Thumb Code     0  _printf_percent_end.o(.ARM.Collect$$_printf_percent$$00000017)
    __rt_lib_init                            0x080002c5   Thumb Code     0  libinit.o(.ARM.Collect$$libinit$$00000000)
    __rt_lib_init_fp_1                       0x080002c7   Thumb Code     0  libinit2.o(.ARM.Collect$$libinit$$00000001)
    __rt_lib_init_heap_1                     0x080002cb   Thumb Code     0  libinit2.o(.ARM.Collect$$libinit$$0000000C)
    __rt_lib_init_lc_common                  0x080002cb   Thumb Code     0  libinit2.o(.ARM.Collect$$libinit$$00000011)
    __rt_lib_init_preinit_1                  0x080002cb   Thumb Code     0  libinit2.o(.ARM.Collect$$libinit$$00000006)
    __rt_lib_init_rand_1                     0x080002cb   Thumb Code     0  libinit2.o(.ARM.Collect$$libinit$$00000010)
    __rt_lib_init_relocate_pie_1             0x080002cb   Thumb Code     0  libinit2.o(.ARM.Collect$$libinit$$00000004)
    __rt_lib_init_user_alloc_1               0x080002cb   Thumb Code     0  libinit2.o(.ARM.Collect$$libinit$$0000000E)
    __rt_lib_init_lc_collate_1               0x080002d1   Thumb Code     0  libinit2.o(.ARM.Collect$$libinit$$00000013)
    __rt_lib_init_lc_ctype_2                 0x080002d1   Thumb Code     0  libinit2.o(.ARM.Collect$$libinit$$00000014)
    __rt_lib_init_lc_ctype_1                 0x080002dd   Thumb Code     0  libinit2.o(.ARM.Collect$$libinit$$00000015)
    __rt_lib_init_lc_monetary_1              0x080002dd   Thumb Code     0  libinit2.o(.ARM.Collect$$libinit$$00000017)
    __rt_lib_init_lc_numeric_2               0x080002dd   Thumb Code     0  libinit2.o(.ARM.Collect$$libinit$$00000018)
    __rt_lib_init_alloca_1                   0x080002e7   Thumb Code     0  libinit2.o(.ARM.Collect$$libinit$$00000030)
    __rt_lib_init_argv_1                     0x080002e7   Thumb Code     0  libinit2.o(.ARM.Collect$$libinit$$0000002E)
    __rt_lib_init_atexit_1                   0x080002e7   Thumb Code     0  libinit2.o(.ARM.Collect$$libinit$$0000001D)
    __rt_lib_init_clock_1                    0x080002e7   Thumb Code     0  libinit2.o(.ARM.Collect$$libinit$$00000023)
    __rt_lib_init_cpp_1                      0x080002e7   Thumb Code     0  libinit2.o(.ARM.Collect$$libinit$$00000034)
    __rt_lib_init_exceptions_1               0x080002e7   Thumb Code     0  libinit2.o(.ARM.Collect$$libinit$$00000032)
    __rt_lib_init_fp_trap_1                  0x080002e7   Thumb Code     0  libinit2.o(.ARM.Collect$$libinit$$00000021)
    __rt_lib_init_getenv_1                   0x080002e7   Thumb Code     0  libinit2.o(.ARM.Collect$$libinit$$00000025)
    __rt_lib_init_lc_numeric_1               0x080002e7   Thumb Code     0  libinit2.o(.ARM.Collect$$libinit$$00000019)
    __rt_lib_init_lc_time_1                  0x080002e7   Thumb Code     0  libinit2.o(.ARM.Collect$$libinit$$0000001B)
    __rt_lib_init_return                     0x080002e7   Thumb Code     0  libinit2.o(.ARM.Collect$$libinit$$00000035)
    __rt_lib_init_signal_1                   0x080002e7   Thumb Code     0  libinit2.o(.ARM.Collect$$libinit$$0000001F)
    __rt_lib_init_stdio_1                    0x080002e7   Thumb Code     0  libinit2.o(.ARM.Collect$$libinit$$00000027)
    __rt_lib_shutdown                        0x080002e9   Thumb Code     0  libshutdown.o(.ARM.Collect$$libshutdown$$00000000)
    __rt_lib_shutdown_cpp_1                  0x080002eb   Thumb Code     0  libshutdown2.o(.ARM.Collect$$libshutdown$$00000002)
    __rt_lib_shutdown_fp_trap_1              0x080002eb   Thumb Code     0  libshutdown2.o(.ARM.Collect$$libshutdown$$00000007)
    __rt_lib_shutdown_heap_1                 0x080002eb   Thumb Code     0  libshutdown2.o(.ARM.Collect$$libshutdown$$0000000F)
    __rt_lib_shutdown_return                 0x080002eb   Thumb Code     0  libshutdown2.o(.ARM.Collect$$libshutdown$$00000010)
    __rt_lib_shutdown_signal_1               0x080002eb   Thumb Code     0  libshutdown2.o(.ARM.Collect$$libshutdown$$0000000A)
    __rt_lib_shutdown_stdio_1                0x080002eb   Thumb Code     0  libshutdown2.o(.ARM.Collect$$libshutdown$$00000004)
    __rt_lib_shutdown_user_alloc_1           0x080002eb   Thumb Code     0  libshutdown2.o(.ARM.Collect$$libshutdown$$0000000C)
    __rt_entry                               0x080002ed   Thumb Code     0  __rtentry.o(.ARM.Collect$$rtentry$$00000000)
    __rt_entry_presh_1                       0x080002ed   Thumb Code     0  __rtentry2.o(.ARM.Collect$$rtentry$$00000002)
    __rt_entry_sh                            0x080002ed   Thumb Code     0  __rtentry4.o(.ARM.Collect$$rtentry$$00000004)
    __rt_entry_li                            0x080002f3   Thumb Code     0  __rtentry2.o(.ARM.Collect$$rtentry$$0000000A)
    __rt_entry_postsh_1                      0x080002f3   Thumb Code     0  __rtentry2.o(.ARM.Collect$$rtentry$$00000009)
    __rt_entry_main                          0x080002f7   Thumb Code     0  __rtentry2.o(.ARM.Collect$$rtentry$$0000000D)
    __rt_entry_postli_1                      0x080002f7   Thumb Code     0  __rtentry2.o(.ARM.Collect$$rtentry$$0000000C)
    __rt_exit                                0x080002ff   Thumb Code     0  rtexit.o(.ARM.Collect$$rtexit$$00000000)
    __rt_exit_ls                             0x08000301   Thumb Code     0  rtexit2.o(.ARM.Collect$$rtexit$$00000003)
    __rt_exit_prels_1                        0x08000301   Thumb Code     0  rtexit2.o(.ARM.Collect$$rtexit$$00000002)
    __rt_exit_exit                           0x08000305   Thumb Code     0  rtexit2.o(.ARM.Collect$$rtexit$$00000004)
    Reset_Handler                            0x0800030d   Thumb Code     8  startup_stm32f401xe.o(.text)
    NMI_Handler                              0x08000315   Thumb Code     2  startup_stm32f401xe.o(.text)
    HardFault_Handler                        0x08000317   Thumb Code     2  startup_stm32f401xe.o(.text)
    MemManage_Handler                        0x08000319   Thumb Code     2  startup_stm32f401xe.o(.text)
    BusFault_Handler                         0x0800031b   Thumb Code     2  startup_stm32f401xe.o(.text)
    UsageFault_Handler                       0x0800031d   Thumb Code     2  startup_stm32f401xe.o(.text)
    SVC_Handler                              0x0800031f   Thumb Code     2  startup_stm32f401xe.o(.text)
    DebugMon_Handler                         0x08000321   Thumb Code     2  startup_stm32f401xe.o(.text)
    PendSV_Handler                           0x08000323   Thumb Code     2  startup_stm32f401xe.o(.text)
    ADC_IRQHandler                           0x08000327   Thumb Code     0  startup_stm32f401xe.o(.text)
    DMA1_Stream0_IRQHandler                  0x08000327   Thumb Code     0  startup_stm32f401xe.o(.text)
    DMA1_Stream1_IRQHandler                  0x08000327   Thumb Code     0  startup_stm32f401xe.o(.text)
    DMA1_Stream2_IRQHandler                  0x08000327   Thumb Code     0  startup_stm32f401xe.o(.text)
    DMA1_Stream3_IRQHandler                  0x08000327   Thumb Code     0  startup_stm32f401xe.o(.text)
    DMA1_Stream4_IRQHandler                  0x08000327   Thumb Code     0  startup_stm32f401xe.o(.text)
    DMA1_Stream5_IRQHandler                  0x08000327   Thumb Code     0  startup_stm32f401xe.o(.text)
    DMA1_Stream6_IRQHandler                  0x08000327   Thumb Code     0  startup_stm32f401xe.o(.text)
    DMA1_Stream7_IRQHandler                  0x08000327   Thumb Code     0  startup_stm32f401xe.o(.text)
    DMA2_Stream0_IRQHandler                  0x08000327   Thumb Code     0  startup_stm32f401xe.o(.text)
    DMA2_Stream1_IRQHandler                  0x08000327   Thumb Code     0  startup_stm32f401xe.o(.text)
    DMA2_Stream2_IRQHandler                  0x08000327   Thumb Code     0  startup_stm32f401xe.o(.text)
    DMA2_Stream3_IRQHandler                  0x08000327   Thumb Code     0  startup_stm32f401xe.o(.text)
    DMA2_Stream4_IRQHandler                  0x08000327   Thumb Code     0  startup_stm32f401xe.o(.text)
    DMA2_Stream5_IRQHandler                  0x08000327   Thumb Code     0  startup_stm32f401xe.o(.text)
    DMA2_Stream6_IRQHandler                  0x08000327   Thumb Code     0  startup_stm32f401xe.o(.text)
    DMA2_Stream7_IRQHandler                  0x08000327   Thumb Code     0  startup_stm32f401xe.o(.text)
    EXTI0_IRQHandler                         0x08000327   Thumb Code     0  startup_stm32f401xe.o(.text)
    EXTI15_10_IRQHandler                     0x08000327   Thumb Code     0  startup_stm32f401xe.o(.text)
    EXTI1_IRQHandler                         0x08000327   Thumb Code     0  startup_stm32f401xe.o(.text)
    EXTI2_IRQHandler                         0x08000327   Thumb Code     0  startup_stm32f401xe.o(.text)
    EXTI3_IRQHandler                         0x08000327   Thumb Code     0  startup_stm32f401xe.o(.text)
    EXTI4_IRQHandler                         0x08000327   Thumb Code     0  startup_stm32f401xe.o(.text)
    EXTI9_5_IRQHandler                       0x08000327   Thumb Code     0  startup_stm32f401xe.o(.text)
    FLASH_IRQHandler                         0x08000327   Thumb Code     0  startup_stm32f401xe.o(.text)
    FPU_IRQHandler                           0x08000327   Thumb Code     0  startup_stm32f401xe.o(.text)
    I2C1_ER_IRQHandler                       0x08000327   Thumb Code     0  startup_stm32f401xe.o(.text)
    I2C1_EV_IRQHandler                       0x08000327   Thumb Code     0  startup_stm32f401xe.o(.text)
    I2C2_ER_IRQHandler                       0x08000327   Thumb Code     0  startup_stm32f401xe.o(.text)
    I2C2_EV_IRQHandler                       0x08000327   Thumb Code     0  startup_stm32f401xe.o(.text)
    I2C3_ER_IRQHandler                       0x08000327   Thumb Code     0  startup_stm32f401xe.o(.text)
    I2C3_EV_IRQHandler                       0x08000327   Thumb Code     0  startup_stm32f401xe.o(.text)
    OTG_FS_IRQHandler                        0x08000327   Thumb Code     0  startup_stm32f401xe.o(.text)
    OTG_FS_WKUP_IRQHandler                   0x08000327   Thumb Code     0  startup_stm32f401xe.o(.text)
    PVD_IRQHandler                           0x08000327   Thumb Code     0  startup_stm32f401xe.o(.text)
    RCC_IRQHandler                           0x08000327   Thumb Code     0  startup_stm32f401xe.o(.text)
    RTC_Alarm_IRQHandler                     0x08000327   Thumb Code     0  startup_stm32f401xe.o(.text)
    RTC_WKUP_IRQHandler                      0x08000327   Thumb Code     0  startup_stm32f401xe.o(.text)
    SDIO_IRQHandler                          0x08000327   Thumb Code     0  startup_stm32f401xe.o(.text)
    SPI1_IRQHandler                          0x08000327   Thumb Code     0  startup_stm32f401xe.o(.text)
    SPI2_IRQHandler                          0x08000327   Thumb Code     0  startup_stm32f401xe.o(.text)
    SPI3_IRQHandler                          0x08000327   Thumb Code     0  startup_stm32f401xe.o(.text)
    SPI4_IRQHandler                          0x08000327   Thumb Code     0  startup_stm32f401xe.o(.text)
    TAMP_STAMP_IRQHandler                    0x08000327   Thumb Code     0  startup_stm32f401xe.o(.text)
    TIM1_BRK_TIM9_IRQHandler                 0x08000327   Thumb Code     0  startup_stm32f401xe.o(.text)
    TIM1_CC_IRQHandler                       0x08000327   Thumb Code     0  startup_stm32f401xe.o(.text)
    TIM1_TRG_COM_TIM11_IRQHandler            0x08000327   Thumb Code     0  startup_stm32f401xe.o(.text)
    TIM1_UP_TIM10_IRQHandler                 0x08000327   Thumb Code     0  startup_stm32f401xe.o(.text)
    TIM2_IRQHandler                          0x08000327   Thumb Code     0  startup_stm32f401xe.o(.text)
    TIM3_IRQHandler                          0x08000327   Thumb Code     0  startup_stm32f401xe.o(.text)
    TIM4_IRQHandler                          0x08000327   Thumb Code     0  startup_stm32f401xe.o(.text)
    TIM5_IRQHandler                          0x08000327   Thumb Code     0  startup_stm32f401xe.o(.text)
    USART1_IRQHandler                        0x08000327   Thumb Code     0  startup_stm32f401xe.o(.text)
    USART2_IRQHandler                        0x08000327   Thumb Code     0  startup_stm32f401xe.o(.text)
    USART6_IRQHandler                        0x08000327   Thumb Code     0  startup_stm32f401xe.o(.text)
    WWDG_IRQHandler                          0x08000327   Thumb Code     0  startup_stm32f401xe.o(.text)
    __user_initial_stackheap                 0x08000329   Thumb Code     0  startup_stm32f401xe.o(.text)
    snprintf                                 0x0800034d   Thumb Code    58  snprintf.o(.text)
    strncat                                  0x0800038d   Thumb Code    36  strncat.o(.text)
    strlen                                   0x080003b1   Thumb Code    62  strlen.o(.text)
    __use_two_region_memory                  0x080003ef   Thumb Code     2  heapauxi.o(.text)
    __rt_heap_escrow$2region                 0x080003f1   Thumb Code     2  heapauxi.o(.text)
    __rt_heap_expand$2region                 0x080003f3   Thumb Code     2  heapauxi.o(.text)
    _printf_pre_padding                      0x080003f5   Thumb Code    44  _printf_pad.o(.text)
    _printf_post_padding                     0x08000421   Thumb Code    34  _printf_pad.o(.text)
    _printf_truncate_signed                  0x08000443   Thumb Code    18  _printf_truncate.o(.text)
    _printf_truncate_unsigned                0x08000455   Thumb Code    18  _printf_truncate.o(.text)
    _printf_str                              0x08000467   Thumb Code    82  _printf_str.o(.text)
    _printf_int_dec                          0x080004b9   Thumb Code   104  _printf_dec.o(.text)
    _printf_charcount                        0x08000531   Thumb Code    40  _printf_charcount.o(.text)
    _printf_char_common                      0x08000563   Thumb Code    32  _printf_char_common.o(.text)
    _snputc                                  0x08000589   Thumb Code    16  _snputc.o(.text)
    _printf_wctomb                           0x08000599   Thumb Code   182  _printf_wctomb.o(.text)
    _printf_longlong_dec                     0x08000655   Thumb Code   108  _printf_longlong_dec.o(.text)
    _printf_longlong_oct                     0x080006d1   Thumb Code    68  _printf_oct_int_ll.o(.text)
    _printf_int_oct                          0x08000715   Thumb Code    24  _printf_oct_int_ll.o(.text)
    _printf_ll_oct                           0x0800072d   Thumb Code    12  _printf_oct_int_ll.o(.text)
    _printf_longlong_hex                     0x08000741   Thumb Code    86  _printf_hex_int_ll_ptr.o(.text)
    _printf_int_hex                          0x08000797   Thumb Code    28  _printf_hex_int_ll_ptr.o(.text)
    _printf_ll_hex                           0x080007b3   Thumb Code    12  _printf_hex_int_ll_ptr.o(.text)
    _printf_hex_ptr                          0x080007bf   Thumb Code    18  _printf_hex_int_ll_ptr.o(.text)
    __printf                                 0x080007d5   Thumb Code   388  __printf_flags_ss_wp.o(.text)
    _ll_udiv10                               0x0800095d   Thumb Code   138  lludiv10.o(.text)
    _printf_int_common                       0x080009e7   Thumb Code   178  _printf_intcommon.o(.text)
    _printf_fp_dec_real                      0x08000c49   Thumb Code   620  _printf_fp_dec.o(.text)
    _printf_fp_hex_real                      0x08000eb5   Thumb Code   756  _printf_fp_hex.o(.text)
    _printf_cs_common                        0x080011b1   Thumb Code    20  _printf_char.o(.text)
    _printf_char                             0x080011c5   Thumb Code    16  _printf_char.o(.text)
    _printf_string                           0x080011d5   Thumb Code     8  _printf_char.o(.text)
    _printf_lcs_common                       0x080011dd   Thumb Code    20  _printf_wchar.o(.text)
    _printf_wchar                            0x080011f1   Thumb Code    16  _printf_wchar.o(.text)
    _printf_wstring                          0x08001201   Thumb Code     8  _printf_wchar.o(.text)
    _c16rtomb                                0x08001209   Thumb Code    72  _c16rtomb.o(.text)
    _wcrtomb                                 0x08001209   Thumb Code     0  _c16rtomb.o(.text)
    __user_setup_stackheap                   0x08001251   Thumb Code    74  sys_stackheap_outer.o(.text)
    __rt_ctype_table                         0x0800129d   Thumb Code    16  rt_ctype_table.o(.text)
    __rt_locale                              0x080012ad   Thumb Code     8  rt_locale_intlibspace.o(.text)
    _printf_fp_infnan                        0x080012b5   Thumb Code   112  _printf_fp_infnan.o(.text)
    _btod_etento                             0x08001335   Thumb Code   224  bigflt0.o(.text)
    exit                                     0x08001419   Thumb Code    18  exit.o(.text)
    __user_libspace                          0x0800142d   Thumb Code     8  libspace.o(.text)
    __user_perproc_libspace                  0x0800142d   Thumb Code     0  libspace.o(.text)
    __user_perthread_libspace                0x0800142d   Thumb Code     0  libspace.o(.text)
    strcmp                                   0x08001439   Thumb Code   124  strcmpv7em.o(.text)
    _sys_exit                                0x080014b5   Thumb Code     8  sys_exit.o(.text)
    __I$use$semihosting                      0x080014c1   Thumb Code     0  use_no_semi.o(.text)
    __use_no_semihosting_swi                 0x080014c1   Thumb Code     2  use_no_semi.o(.text)
    __semihosting_library_function           0x080014c3   Thumb Code     0  indicate_semi.o(.text)
    HAL_Delay                                0x080014c5   Thumb Code    66  stm32f4xx_hal.o(.text.HAL_Delay)
    HAL_GPIO_Init                            0x08001509   Thumb Code   866  stm32f4xx_hal_gpio.o(.text.HAL_GPIO_Init)
    HAL_GPIO_WritePin                        0x0800186d   Thumb Code    46  stm32f4xx_hal_gpio.o(.text.HAL_GPIO_WritePin)
    HAL_GetTick                              0x0800189d   Thumb Code    12  stm32f4xx_hal.o(.text.HAL_GetTick)
    HAL_IncTick                              0x080018a9   Thumb Code    26  stm32f4xx_hal.o(.text.HAL_IncTick)
    HAL_Init                                 0x080018c5   Thumb Code    46  stm32f4xx_hal.o(.text.HAL_Init)
    HAL_InitTick                             0x080018f5   Thumb Code   112  stm32f4xx_hal.o(.text.HAL_InitTick)
    HAL_MspInit                              0x08001965   Thumb Code     2  stm32f4xx_hal.o(.text.HAL_MspInit)
    HAL_NVIC_SetPriority                     0x08001969   Thumb Code    50  stm32f4xx_hal_cortex.o(.text.HAL_NVIC_SetPriority)
    HAL_NVIC_SetPriorityGrouping             0x0800199d   Thumb Code    16  stm32f4xx_hal_cortex.o(.text.HAL_NVIC_SetPriorityGrouping)
    HAL_RCC_GetHCLKFreq                      0x080019ad   Thumb Code    12  stm32f4xx_hal_rcc.o(.text.HAL_RCC_GetHCLKFreq)
    HAL_SYSTICK_Config                       0x080019b9   Thumb Code    16  stm32f4xx_hal_cortex.o(.text.HAL_SYSTICK_Config)
    LCD_Clear                                0x080019c9   Thumb Code    16  lcd.o(.text.LCD_Clear)
    LCD_CreateChar                           0x08001a95   Thumb Code    86  lcd.o(.text.LCD_CreateChar)
    LCD_Delay_ms                             0x08001b79   Thumb Code    20  lcd.o(.text.LCD_Delay_ms)
    LCD_Delay_us                             0x08001b8d   Thumb Code   124  lcd.o(.text.LCD_Delay_us)
    LCD_DisplayOn                            0x08001c09   Thumb Code    30  lcd.o(.text.LCD_DisplayOn)
    LCD_Init                                 0x08001c29   Thumb Code   280  lcd.o(.text.LCD_Init)
    LCD_PutCustom                            0x08001d41   Thumb Code    40  lcd.o(.text.LCD_PutCustom)
    LCD_Puts                                 0x08001d69   Thumb Code   182  lcd.o(.text.LCD_Puts)
    SysTick_Handler                          0x08001ee1   Thumb Code     8  main.o(.text.SysTick_Handler)
    SystemCoreClockUpdate                    0x08001ee9   Thumb Code   302  system_stm32f4xx.o(.text.SystemCoreClockUpdate)
    SystemInit                               0x08002019   Thumb Code    18  system_stm32f4xx.o(.text.SystemInit)
    delay                                    0x080020bd   Thumb Code    34  main.o(.text.delay)
    main                                     0x080020e1   Thumb Code   142  main.o(.text.main)
    print_persian_style                      0x08002171   Thumb Code   124  main.o(.text.print_persian_style)
    show_freq_clock                          0x080021ed   Thumb Code   102  main.o(.text.show_freq_clock)
    _btod_d2e                                0x08002253   Thumb Code    62  btod.o(CL$$btod_d2e)
    _d2e_denorm_low                          0x08002291   Thumb Code    70  btod.o(CL$$btod_d2e_denorm_low)
    _d2e_norm_op1                            0x080022d7   Thumb Code    96  btod.o(CL$$btod_d2e_norm_op1)
    __btod_div_common                        0x08002339   Thumb Code   696  btod.o(CL$$btod_div_common)
    _e2e                                     0x08002671   Thumb Code   220  btod.o(CL$$btod_e2e)
    _btod_ediv                               0x0800274d   Thumb Code    42  btod.o(CL$$btod_ediv)
    _btod_emul                               0x08002777   Thumb Code    42  btod.o(CL$$btod_emul)
    __btod_mult_common                       0x080027a1   Thumb Code   580  btod.o(CL$$btod_mult_common)
    __ARM_fpclassify                         0x080029e5   Thumb Code    48  fpclassify.o(i.__ARM_fpclassify)
    _is_digit                                0x08002a15   Thumb Code    14  __printf_wp.o(i._is_digit)
    _get_lc_numeric                          0x08002a25   Thumb Code    44  lc_numeric_c.o(locale$$code)
    _get_lc_ctype                            0x08002a51   Thumb Code    44  lc_ctype_c.o(locale$$code)
    _fp_init                                 0x08002a7d   Thumb Code    26  fpinit.o(x$fpl$fpinit)
    __fplib_config_fpu_vfp                   0x08002a95   Thumb Code     0  fpinit.o(x$fpl$fpinit)
    __fplib_config_pureend_doubles           0x08002a95   Thumb Code     0  fpinit.o(x$fpl$fpinit)
    _printf_fp_dec                           0x08002a97   Thumb Code     4  printf1.o(x$fpl$printf1)
    _printf_fp_hex                           0x08002a9b   Thumb Code     4  printf2.o(x$fpl$printf2)
    __I$use$fp                               0x08002a9e   Number         0  usenofp.o(x$fpl$usenofp)
    AHBPrescTable                            0x08002b9c   Data          16  system_stm32f4xx.o(.rodata.AHBPrescTable)
    Region$$Table$$Base                      0x08002bb0   Number         0  anon$$obj.o(Region$$Table)
    Region$$Table$$Limit                     0x08002bd0   Number         0  anon$$obj.o(Region$$Table)
    __ctype                                  0x08002bf9   Data           0  lc_ctype_c.o(locale$$data)
    SystemCoreClock                          0x20000000   Data           4  system_stm32f4xx.o(.data.SystemCoreClock)
    messageMHz                               0x2000000c   Data           5  main.o(.data.messageMHz)
    uwTickFreq                               0x20000019   Data           1  stm32f4xx_hal.o(.data.uwTickFreq)
    uwTickPrio                               0x2000001c   Data           4  stm32f4xx_hal.o(.data.uwTickPrio)
    __libspace_start                         0x20000030   Data          96  libspace.o(.bss)
    __temporary_stack_top$libspace           0x20000090   Data           0  libspace.o(.bss)
    uwTick                                   0x20000098   Data           4  stm32f4xx_hal.o(.bss.uwTick)



==============================================================================

Memory Map of the image

  Image Entry point : 0x08000195

  Load Region LR_IROM1 (Base: 0x08000000, Size: 0x00002d30, Max: 0x00080000, ABSOLUTE)

    Execution Region ER_IROM1 (Exec base: 0x08000000, Load base: 0x08000000, Size: 0x00002cfc, Max: 0x00080000, ABSOLUTE)

    Exec Addr    Load Addr    Size         Type   Attr      Idx    E Section Name        Object

    0x08000000   0x08000000   0x00000194   Data   RO          359    RESET               startup_stm32f401xe.o
    0x08000194   0x08000194   0x00000008   Code   RO          392  * !!!main             c_w.l(__main.o)
    0x0800019c   0x0800019c   0x0000005c   Code   RO          739    !!!scatter          c_w.l(__scatter.o)
    0x080001f8   0x080001f8   0x0000001a   Code   RO          743    !!handler_copy      c_w.l(__scatter_copy.o)
    0x08000212   0x08000212   0x00000002   PAD
    0x08000214   0x08000214   0x00000002   Code   RO          740    !!handler_null      c_w.l(__scatter.o)
    0x08000216   0x08000216   0x00000002   PAD
    0x08000218   0x08000218   0x0000001c   Code   RO          745    !!handler_zi        c_w.l(__scatter_zi.o)
    0x08000234   0x08000234   0x00000000   Code   RO          480    .ARM.Collect$$_printf_percent$$00000000  c_w.l(_printf_percent.o)
    0x08000234   0x08000234   0x00000006   Code   RO          469    .ARM.Collect$$_printf_percent$$00000001  c_w.l(_printf_n.o)
    0x0800023a   0x0800023a   0x00000006   Code   RO          471    .ARM.Collect$$_printf_percent$$00000002  c_w.l(_printf_p.o)
    0x08000240   0x08000240   0x00000006   Code   RO          476    .ARM.Collect$$_printf_percent$$00000003  c_w.l(_printf_f.o)
    0x08000246   0x08000246   0x00000006   Code   RO          477    .ARM.Collect$$_printf_percent$$00000004  c_w.l(_printf_e.o)
    0x0800024c   0x0800024c   0x00000006   Code   RO          478    .ARM.Collect$$_printf_percent$$00000005  c_w.l(_printf_g.o)
    0x08000252   0x08000252   0x00000006   Code   RO          479    .ARM.Collect$$_printf_percent$$00000006  c_w.l(_printf_a.o)
    0x08000258   0x08000258   0x0000000a   Code   RO          484    .ARM.Collect$$_printf_percent$$00000007  c_w.l(_printf_ll.o)
    0x08000262   0x08000262   0x00000006   Code   RO          473    .ARM.Collect$$_printf_percent$$00000008  c_w.l(_printf_i.o)
    0x08000268   0x08000268   0x00000006   Code   RO          474    .ARM.Collect$$_printf_percent$$00000009  c_w.l(_printf_d.o)
    0x0800026e   0x0800026e   0x00000006   Code   RO          475    .ARM.Collect$$_printf_percent$$0000000A  c_w.l(_printf_u.o)
    0x08000274   0x08000274   0x00000006   Code   RO          472    .ARM.Collect$$_printf_percent$$0000000B  c_w.l(_printf_o.o)
    0x0800027a   0x0800027a   0x00000006   Code   RO          470    .ARM.Collect$$_printf_percent$$0000000C  c_w.l(_printf_x.o)
    0x08000280   0x08000280   0x00000006   Code   RO          481    .ARM.Collect$$_printf_percent$$0000000D  c_w.l(_printf_lli.o)
    0x08000286   0x08000286   0x00000006   Code   RO          482    .ARM.Collect$$_printf_percent$$0000000E  c_w.l(_printf_lld.o)
    0x0800028c   0x0800028c   0x00000006   Code   RO          483    .ARM.Collect$$_printf_percent$$0000000F  c_w.l(_printf_llu.o)
    0x08000292   0x08000292   0x00000006   Code   RO          488    .ARM.Collect$$_printf_percent$$00000010  c_w.l(_printf_llo.o)
    0x08000298   0x08000298   0x00000006   Code   RO          489    .ARM.Collect$$_printf_percent$$00000011  c_w.l(_printf_llx.o)
    0x0800029e   0x0800029e   0x0000000a   Code   RO          485    .ARM.Collect$$_printf_percent$$00000012  c_w.l(_printf_l.o)
    0x080002a8   0x080002a8   0x00000006   Code   RO          467    .ARM.Collect$$_printf_percent$$00000013  c_w.l(_printf_c.o)
    0x080002ae   0x080002ae   0x00000006   Code   RO          468    .ARM.Collect$$_printf_percent$$00000014  c_w.l(_printf_s.o)
    0x080002b4   0x080002b4   0x00000006   Code   RO          486    .ARM.Collect$$_printf_percent$$00000015  c_w.l(_printf_lc.o)
    0x080002ba   0x080002ba   0x00000006   Code   RO          487    .ARM.Collect$$_printf_percent$$00000016  c_w.l(_printf_ls.o)
    0x080002c0   0x080002c0   0x00000004   Code   RO          532    .ARM.Collect$$_printf_percent$$00000017  c_w.l(_printf_percent_end.o)
    0x080002c4   0x080002c4   0x00000002   Code   RO          587    .ARM.Collect$$libinit$$00000000  c_w.l(libinit.o)
    0x080002c6   0x080002c6   0x00000004   Code   RO          611    .ARM.Collect$$libinit$$00000001  c_w.l(libinit2.o)
    0x080002ca   0x080002ca   0x00000000   Code   RO          614    .ARM.Collect$$libinit$$00000004  c_w.l(libinit2.o)
    0x080002ca   0x080002ca   0x00000000   Code   RO          616    .ARM.Collect$$libinit$$00000006  c_w.l(libinit2.o)
    0x080002ca   0x080002ca   0x00000000   Code   RO          619    .ARM.Collect$$libinit$$0000000C  c_w.l(libinit2.o)
    0x080002ca   0x080002ca   0x00000000   Code   RO          621    .ARM.Collect$$libinit$$0000000E  c_w.l(libinit2.o)
    0x080002ca   0x080002ca   0x00000000   Code   RO          623    .ARM.Collect$$libinit$$00000010  c_w.l(libinit2.o)
    0x080002ca   0x080002ca   0x00000006   Code   RO          624    .ARM.Collect$$libinit$$00000011  c_w.l(libinit2.o)
    0x080002d0   0x080002d0   0x00000000   Code   RO          626    .ARM.Collect$$libinit$$00000013  c_w.l(libinit2.o)
    0x080002d0   0x080002d0   0x0000000c   Code   RO          627    .ARM.Collect$$libinit$$00000014  c_w.l(libinit2.o)
    0x080002dc   0x080002dc   0x00000000   Code   RO          628    .ARM.Collect$$libinit$$00000015  c_w.l(libinit2.o)
    0x080002dc   0x080002dc   0x00000000   Code   RO          630    .ARM.Collect$$libinit$$00000017  c_w.l(libinit2.o)
    0x080002dc   0x080002dc   0x0000000a   Code   RO          631    .ARM.Collect$$libinit$$00000018  c_w.l(libinit2.o)
    0x080002e6   0x080002e6   0x00000000   Code   RO          632    .ARM.Collect$$libinit$$00000019  c_w.l(libinit2.o)
    0x080002e6   0x080002e6   0x00000000   Code   RO          634    .ARM.Collect$$libinit$$0000001B  c_w.l(libinit2.o)
    0x080002e6   0x080002e6   0x00000000   Code   RO          636    .ARM.Collect$$libinit$$0000001D  c_w.l(libinit2.o)
    0x080002e6   0x080002e6   0x00000000   Code   RO          638    .ARM.Collect$$libinit$$0000001F  c_w.l(libinit2.o)
    0x080002e6   0x080002e6   0x00000000   Code   RO          640    .ARM.Collect$$libinit$$00000021  c_w.l(libinit2.o)
    0x080002e6   0x080002e6   0x00000000   Code   RO          642    .ARM.Collect$$libinit$$00000023  c_w.l(libinit2.o)
    0x080002e6   0x080002e6   0x00000000   Code   RO          644    .ARM.Collect$$libinit$$00000025  c_w.l(libinit2.o)
    0x080002e6   0x080002e6   0x00000000   Code   RO          646    .ARM.Collect$$libinit$$00000027  c_w.l(libinit2.o)
    0x080002e6   0x080002e6   0x00000000   Code   RO          650    .ARM.Collect$$libinit$$0000002E  c_w.l(libinit2.o)
    0x080002e6   0x080002e6   0x00000000   Code   RO          652    .ARM.Collect$$libinit$$00000030  c_w.l(libinit2.o)
    0x080002e6   0x080002e6   0x00000000   Code   RO          654    .ARM.Collect$$libinit$$00000032  c_w.l(libinit2.o)
    0x080002e6   0x080002e6   0x00000000   Code   RO          656    .ARM.Collect$$libinit$$00000034  c_w.l(libinit2.o)
    0x080002e6   0x080002e6   0x00000002   Code   RO          657    .ARM.Collect$$libinit$$00000035  c_w.l(libinit2.o)
    0x080002e8   0x080002e8   0x00000002   Code   RO          694    .ARM.Collect$$libshutdown$$00000000  c_w.l(libshutdown.o)
    0x080002ea   0x080002ea   0x00000000   Code   RO          722    .ARM.Collect$$libshutdown$$00000002  c_w.l(libshutdown2.o)
    0x080002ea   0x080002ea   0x00000000   Code   RO          724    .ARM.Collect$$libshutdown$$00000004  c_w.l(libshutdown2.o)
    0x080002ea   0x080002ea   0x00000000   Code   RO          727    .ARM.Collect$$libshutdown$$00000007  c_w.l(libshutdown2.o)
    0x080002ea   0x080002ea   0x00000000   Code   RO          730    .ARM.Collect$$libshutdown$$0000000A  c_w.l(libshutdown2.o)
    0x080002ea   0x080002ea   0x00000000   Code   RO          732    .ARM.Collect$$libshutdown$$0000000C  c_w.l(libshutdown2.o)
    0x080002ea   0x080002ea   0x00000000   Code   RO          735    .ARM.Collect$$libshutdown$$0000000F  c_w.l(libshutdown2.o)
    0x080002ea   0x080002ea   0x00000002   Code   RO          736    .ARM.Collect$$libshutdown$$00000010  c_w.l(libshutdown2.o)
    0x080002ec   0x080002ec   0x00000000   Code   RO          394    .ARM.Collect$$rtentry$$00000000  c_w.l(__rtentry.o)
    0x080002ec   0x080002ec   0x00000000   Code   RO          499    .ARM.Collect$$rtentry$$00000002  c_w.l(__rtentry2.o)
    0x080002ec   0x080002ec   0x00000006   Code   RO          511    .ARM.Collect$$rtentry$$00000004  c_w.l(__rtentry4.o)
    0x080002f2   0x080002f2   0x00000000   Code   RO          501    .ARM.Collect$$rtentry$$00000009  c_w.l(__rtentry2.o)
    0x080002f2   0x080002f2   0x00000004   Code   RO          502    .ARM.Collect$$rtentry$$0000000A  c_w.l(__rtentry2.o)
    0x080002f6   0x080002f6   0x00000000   Code   RO          504    .ARM.Collect$$rtentry$$0000000C  c_w.l(__rtentry2.o)
    0x080002f6   0x080002f6   0x00000008   Code   RO          505    .ARM.Collect$$rtentry$$0000000D  c_w.l(__rtentry2.o)
    0x080002fe   0x080002fe   0x00000002   Code   RO          596    .ARM.Collect$$rtexit$$00000000  c_w.l(rtexit.o)
    0x08000300   0x08000300   0x00000000   Code   RO          663    .ARM.Collect$$rtexit$$00000002  c_w.l(rtexit2.o)
    0x08000300   0x08000300   0x00000004   Code   RO          664    .ARM.Collect$$rtexit$$00000003  c_w.l(rtexit2.o)
    0x08000304   0x08000304   0x00000006   Code   RO          665    .ARM.Collect$$rtexit$$00000004  c_w.l(rtexit2.o)
    0x0800030a   0x0800030a   0x00000002   PAD
    0x0800030c   0x0800030c   0x00000040   Code   RO          360    .text               startup_stm32f401xe.o
    0x0800034c   0x0800034c   0x00000040   Code   RO          384    .text               c_w.l(snprintf.o)
    0x0800038c   0x0800038c   0x00000024   Code   RO          386    .text               c_w.l(strncat.o)
    0x080003b0   0x080003b0   0x0000003e   Code   RO          388    .text               c_w.l(strlen.o)
    0x080003ee   0x080003ee   0x00000006   Code   RO          390    .text               c_w.l(heapauxi.o)
    0x080003f4   0x080003f4   0x0000004e   Code   RO          401    .text               c_w.l(_printf_pad.o)
    0x08000442   0x08000442   0x00000024   Code   RO          403    .text               c_w.l(_printf_truncate.o)
    0x08000466   0x08000466   0x00000052   Code   RO          405    .text               c_w.l(_printf_str.o)
    0x080004b8   0x080004b8   0x00000078   Code   RO          407    .text               c_w.l(_printf_dec.o)
    0x08000530   0x08000530   0x00000028   Code   RO          409    .text               c_w.l(_printf_charcount.o)
    0x08000558   0x08000558   0x00000030   Code   RO          411    .text               c_w.l(_printf_char_common.o)
    0x08000588   0x08000588   0x00000010   Code   RO          413    .text               c_w.l(_snputc.o)
    0x08000598   0x08000598   0x000000bc   Code   RO          415    .text               c_w.l(_printf_wctomb.o)
    0x08000654   0x08000654   0x0000007c   Code   RO          418    .text               c_w.l(_printf_longlong_dec.o)
    0x080006d0   0x080006d0   0x00000070   Code   RO          424    .text               c_w.l(_printf_oct_int_ll.o)
    0x08000740   0x08000740   0x00000094   Code   RO          444    .text               c_w.l(_printf_hex_int_ll_ptr.o)
    0x080007d4   0x080007d4   0x00000188   Code   RO          464    .text               c_w.l(__printf_flags_ss_wp.o)
    0x0800095c   0x0800095c   0x0000008a   Code   RO          515    .text               c_w.l(lludiv10.o)
    0x080009e6   0x080009e6   0x000000b2   Code   RO          517    .text               c_w.l(_printf_intcommon.o)
    0x08000a98   0x08000a98   0x0000041c   Code   RO          519    .text               c_w.l(_printf_fp_dec.o)
    0x08000eb4   0x08000eb4   0x000002fc   Code   RO          523    .text               c_w.l(_printf_fp_hex.o)
    0x080011b0   0x080011b0   0x0000002c   Code   RO          528    .text               c_w.l(_printf_char.o)
    0x080011dc   0x080011dc   0x0000002c   Code   RO          530    .text               c_w.l(_printf_wchar.o)
    0x08001208   0x08001208   0x00000048   Code   RO          533    .text               c_w.l(_c16rtomb.o)
    0x08001250   0x08001250   0x0000004a   Code   RO          535    .text               c_w.l(sys_stackheap_outer.o)
    0x0800129a   0x0800129a   0x00000002   PAD
    0x0800129c   0x0800129c   0x00000010   Code   RO          537    .text               c_w.l(rt_ctype_table.o)
    0x080012ac   0x080012ac   0x00000008   Code   RO          542    .text               c_w.l(rt_locale_intlibspace.o)
    0x080012b4   0x080012b4   0x00000080   Code   RO          544    .text               c_w.l(_printf_fp_infnan.o)
    0x08001334   0x08001334   0x000000e4   Code   RO          546    .text               c_w.l(bigflt0.o)
    0x08001418   0x08001418   0x00000012   Code   RO          576    .text               c_w.l(exit.o)
    0x0800142a   0x0800142a   0x00000002   PAD
    0x0800142c   0x0800142c   0x00000008   Code   RO          593    .text               c_w.l(libspace.o)
    0x08001434   0x08001434   0x00000004   PAD
    0x08001438   0x08001438   0x0000007c   Code   RO          609    .text               c_w.l(strcmpv7em.o)
    0x080014b4   0x080014b4   0x0000000c   Code   RO          658    .text               c_w.l(sys_exit.o)
    0x080014c0   0x080014c0   0x00000002   Code   RO          683    .text               c_w.l(use_no_semi.o)
    0x080014c2   0x080014c2   0x00000000   Code   RO          685    .text               c_w.l(indicate_semi.o)
    0x080014c2   0x080014c2   0x00000002   PAD
    0x080014c4   0x080014c4   0x00000042   Code   RO           98    .text.HAL_Delay     stm32f4xx_hal.o
    0x08001506   0x08001506   0x00000002   PAD
    0x08001508   0x08001508   0x00000362   Code   RO          213    .text.HAL_GPIO_Init  stm32f4xx_hal_gpio.o
    0x0800186a   0x0800186a   0x00000002   PAD
    0x0800186c   0x0800186c   0x0000002e   Code   RO          219    .text.HAL_GPIO_WritePin  stm32f4xx_hal_gpio.o
    0x0800189a   0x0800189a   0x00000002   PAD
    0x0800189c   0x0800189c   0x0000000c   Code   RO           90    .text.HAL_GetTick   stm32f4xx_hal.o
    0x080018a8   0x080018a8   0x0000001a   Code   RO           88    .text.HAL_IncTick   stm32f4xx_hal.o
    0x080018c2   0x080018c2   0x00000002   PAD
    0x080018c4   0x080018c4   0x0000002e   Code   RO           78    .text.HAL_Init      stm32f4xx_hal.o
    0x080018f2   0x080018f2   0x00000002   PAD
    0x080018f4   0x080018f4   0x00000070   Code   RO           80    .text.HAL_InitTick  stm32f4xx_hal.o
    0x08001964   0x08001964   0x00000002   Code   RO           82    .text.HAL_MspInit   stm32f4xx_hal.o
    0x08001966   0x08001966   0x00000002   PAD
    0x08001968   0x08001968   0x00000032   Code   RO          146    .text.HAL_NVIC_SetPriority  stm32f4xx_hal_cortex.o
    0x0800199a   0x0800199a   0x00000002   PAD
    0x0800199c   0x0800199c   0x00000010   Code   RO          142    .text.HAL_NVIC_SetPriorityGrouping  stm32f4xx_hal_cortex.o
    0x080019ac   0x080019ac   0x0000000c   Code   RO          318    .text.HAL_RCC_GetHCLKFreq  stm32f4xx_hal_rcc.o
    0x080019b8   0x080019b8   0x00000010   Code   RO          166    .text.HAL_SYSTICK_Config  stm32f4xx_hal_cortex.o
    0x080019c8   0x080019c8   0x00000010   Code   RO           41    .text.LCD_Clear     lcd.o
    0x080019d8   0x080019d8   0x00000032   Code   RO           37    .text.LCD_Cmd       lcd.o
    0x08001a0a   0x08001a0a   0x00000002   PAD
    0x08001a0c   0x08001a0c   0x00000088   Code   RO           35    .text.LCD_Cmd4bit   lcd.o
    0x08001a94   0x08001a94   0x00000056   Code   RO           63    .text.LCD_CreateChar  lcd.o
    0x08001aea   0x08001aea   0x00000002   PAD
    0x08001aec   0x08001aec   0x00000058   Code   RO           45    .text.LCD_CursorSet  lcd.o
    0x08001b44   0x08001b44   0x00000032   Code   RO           47    .text.LCD_Data      lcd.o
    0x08001b76   0x08001b76   0x00000002   PAD
    0x08001b78   0x08001b78   0x00000014   Code   RO           31    .text.LCD_Delay_ms  lcd.o
    0x08001b8c   0x08001b8c   0x0000007c   Code   RO           29    .text.LCD_Delay_us  lcd.o
    0x08001c08   0x08001c08   0x0000001e   Code   RO           39    .text.LCD_DisplayOn  lcd.o
    0x08001c26   0x08001c26   0x00000002   PAD
    0x08001c28   0x08001c28   0x00000118   Code   RO           33    .text.LCD_Init      lcd.o
    0x08001d40   0x08001d40   0x00000028   Code   RO           65    .text.LCD_PutCustom  lcd.o
    0x08001d68   0x08001d68   0x000000b6   Code   RO           43    .text.LCD_Puts      lcd.o
    0x08001e1e   0x08001e1e   0x00000002   PAD
    0x08001e20   0x08001e20   0x0000006c   Code   RO          152    .text.NVIC_EncodePriority  stm32f4xx_hal_cortex.o
    0x08001e8c   0x08001e8c   0x00000052   Code   RO          168    .text.SysTick_Config  stm32f4xx_hal_cortex.o
    0x08001ede   0x08001ede   0x00000002   PAD
    0x08001ee0   0x08001ee0   0x00000008   Code   RO           10    .text.SysTick_Handler  main.o
    0x08001ee8   0x08001ee8   0x0000012e   Code   RO          369    .text.SystemCoreClockUpdate  system_stm32f4xx.o
    0x08002016   0x08002016   0x00000002   PAD
    0x08002018   0x08002018   0x00000012   Code   RO          367    .text.SystemInit    system_stm32f4xx.o
    0x0800202a   0x0800202a   0x00000002   PAD
    0x0800202c   0x0800202c   0x00000010   Code   RO          148    .text.__NVIC_GetPriorityGrouping  stm32f4xx_hal_cortex.o
    0x0800203c   0x0800203c   0x00000042   Code   RO          150    .text.__NVIC_SetPriority  stm32f4xx_hal_cortex.o
    0x0800207e   0x0800207e   0x00000002   PAD
    0x08002080   0x08002080   0x0000003c   Code   RO          144    .text.__NVIC_SetPriorityGrouping  stm32f4xx_hal_cortex.o
    0x080020bc   0x080020bc   0x00000022   Code   RO            2    .text.delay         main.o
    0x080020de   0x080020de   0x00000002   PAD
    0x080020e0   0x080020e0   0x0000008e   Code   RO            4    .text.main          main.o
    0x0800216e   0x0800216e   0x00000002   PAD
    0x08002170   0x08002170   0x0000007c   Code   RO            8    .text.print_persian_style  main.o
    0x080021ec   0x080021ec   0x00000066   Code   RO            6    .text.show_freq_clock  main.o
    0x08002252   0x08002252   0x0000003e   Code   RO          549    CL$$btod_d2e        c_w.l(btod.o)
    0x08002290   0x08002290   0x00000046   Code   RO          551    CL$$btod_d2e_denorm_low  c_w.l(btod.o)
    0x080022d6   0x080022d6   0x00000060   Code   RO          550    CL$$btod_d2e_norm_op1  c_w.l(btod.o)
    0x08002336   0x08002336   0x00000002   PAD
    0x08002338   0x08002338   0x00000338   Code   RO          559    CL$$btod_div_common  c_w.l(btod.o)
    0x08002670   0x08002670   0x000000dc   Code   RO          556    CL$$btod_e2e        c_w.l(btod.o)
    0x0800274c   0x0800274c   0x0000002a   Code   RO          553    CL$$btod_ediv       c_w.l(btod.o)
    0x08002776   0x08002776   0x0000002a   Code   RO          552    CL$$btod_emul       c_w.l(btod.o)
    0x080027a0   0x080027a0   0x00000244   Code   RO          558    CL$$btod_mult_common  c_w.l(btod.o)
    0x080029e4   0x080029e4   0x00000030   Code   RO          591    i.__ARM_fpclassify  m_wm.l(fpclassify.o)
    0x08002a14   0x08002a14   0x0000000e   Code   RO          457    i._is_digit         c_w.l(__printf_wp.o)
    0x08002a22   0x08002a22   0x00000002   PAD
    0x08002a24   0x08002a24   0x0000002c   Code   RO          574    locale$$code        c_w.l(lc_numeric_c.o)
    0x08002a50   0x08002a50   0x0000002c   Code   RO          603    locale$$code        c_w.l(lc_ctype_c.o)
    0x08002a7c   0x08002a7c   0x0000001a   Code   RO          677    x$fpl$fpinit        fz_wm.l(fpinit.o)
    0x08002a96   0x08002a96   0x00000004   Code   RO          490    x$fpl$printf1       fz_wm.l(printf1.o)
    0x08002a9a   0x08002a9a   0x00000004   Code   RO          492    x$fpl$printf2       fz_wm.l(printf2.o)
    0x08002a9e   0x08002a9e   0x00000000   Code   RO          590    x$fpl$usenofp       fz_wm.l(usenofp.o)
    0x08002a9e   0x08002a9e   0x00000002   PAD
    0x08002aa0   0x08002aa0   0x00000008   Data   RO          416    .constdata          c_w.l(_printf_wctomb.o)
    0x08002aa8   0x08002aa8   0x00000028   Data   RO          445    .constdata          c_w.l(_printf_hex_int_ll_ptr.o)
    0x08002ad0   0x08002ad0   0x00000011   Data   RO          465    .constdata          c_w.l(__printf_flags_ss_wp.o)
    0x08002ae1   0x08002ae1   0x00000026   Data   RO          524    .constdata          c_w.l(_printf_fp_hex.o)
    0x08002b07   0x08002b07   0x00000001   PAD
    0x08002b08   0x08002b08   0x00000094   Data   RO          547    .constdata          c_w.l(bigflt0.o)
    0x08002b9c   0x08002b9c   0x00000010   Data   RO          372    .rodata.AHBPrescTable  system_stm32f4xx.o
    0x08002bac   0x08002bac   0x00000004   Data   RO           16    .rodata.str1.1      main.o
    0x08002bb0   0x08002bb0   0x00000020   Data   RO          738    Region$$Table       anon$$obj.o
    0x08002bd0   0x08002bd0   0x0000001c   Data   RO          573    locale$$data        c_w.l(lc_numeric_c.o)
    0x08002bec   0x08002bec   0x00000110   Data   RO          602    locale$$data        c_w.l(lc_ctype_c.o)


    Execution Region RW_IRAM1 (Exec base: 0x20000000, Load base: 0x08002d00, Size: 0x000006a0, Max: 0x00018000, ABSOLUTE)

    Exec Addr    Load Addr    Size         Type   Attr      Idx    E Section Name        Object

    0x20000000   0x08002d00   0x00000004   Data   RW          371    .data.SystemCoreClock  system_stm32f4xx.o
    0x20000004   0x08002d04   0x00000008   Data   RW           17    .data.alef_hat      main.o
    0x2000000c   0x08002d0c   0x00000005   Data   RW           13    .data.messageMHz    main.o
    0x20000011   0x08002d11   0x00000008   Data   RW           19    .data.re            main.o
    0x20000019   0x08002d19   0x00000001   Data   RW          133    .data.uwTickFreq    stm32f4xx_hal.o
    0x2000001a   0x08002d1a   0x00000002   PAD
    0x2000001c   0x08002d1c   0x00000004   Data   RW          132    .data.uwTickPrio    stm32f4xx_hal.o
    0x20000020   0x08002d20   0x00000008   Data   RW           20    .data.ye_middle_2   main.o
    0x20000028   0x08002d28   0x00000008   Data   RW           18    .data.ze            main.o
    0x20000030        -       0x00000060   Zero   RW          594    .bss                c_w.l(libspace.o)
    0x20000090        -       0x00000005   Zero   RW           69    .bss.LCD_Opts       lcd.o
    0x20000095   0x08002d30   0x00000003   PAD
    0x20000098        -       0x00000004   Zero   RW          134    .bss.uwTick         stm32f4xx_hal.o
    0x2000009c   0x08002d30   0x00000004   PAD
    0x200000a0        -       0x00000200   Zero   RW          358    HEAP                startup_stm32f401xe.o
    0x200002a0        -       0x00000400   Zero   RW          357    STACK               startup_stm32f401xe.o


==============================================================================

Image component sizes


      Code (inc. data)   RO Data    RW Data    ZI Data      Debug   Object Name

      1102          0          0          0          5       4678   lcd.o
       410          0          4         37          0       2654   main.o
        64         26        404          0       1536        900   startup_stm32f401xe.o
       264          0          0          5          4       6955   stm32f4xx_hal.o
       414          0          0          0          0       9242   stm32f4xx_hal_cortex.o
       912          0          0          0          0       5332   stm32f4xx_hal_gpio.o
        12          0          0          0          0       7873   stm32f4xx_hal_rcc.o
       320          0         16          4          0       2713   system_stm32f4xx.o

    ----------------------------------------------------------------------
      3534         26        456         48       1552      40347   Object Totals
         0          0         32          0          0          0   (incl. Generated)
        36          0          0          2          7          0   (incl. Padding)

    ----------------------------------------------------------------------

      Code (inc. data)   RO Data    RW Data    ZI Data      Debug   Library Member Name

         8          0          0          0          0         68   __main.o
       392          4         17          0          0         92   __printf_flags_ss_wp.o
        14          0          0          0          0         68   __printf_wp.o
         0          0          0          0          0          0   __rtentry.o
        12          0          0          0          0          0   __rtentry2.o
         6          0          0          0          0          0   __rtentry4.o
        94          8          0          0          0          0   __scatter.o
        26          0          0          0          0          0   __scatter_copy.o
        28          0          0          0          0          0   __scatter_zi.o
        72          0          0          0          0         96   _c16rtomb.o
         6          0          0          0          0          0   _printf_a.o
         6          0          0          0          0          0   _printf_c.o
        44          0          0          0          0        108   _printf_char.o
        48          6          0          0          0         96   _printf_char_common.o
        40          0          0          0          0         68   _printf_charcount.o
         6          0          0          0          0          0   _printf_d.o
       120         16          0          0          0         92   _printf_dec.o
         6          0          0          0          0          0   _printf_e.o
         6          0          0          0          0          0   _printf_f.o
      1052          0          0          0          0        148   _printf_fp_dec.o
       764          8         38          0          0        100   _printf_fp_hex.o
       128         16          0          0          0         84   _printf_fp_infnan.o
         6          0          0          0          0          0   _printf_g.o
       148          4         40          0          0        160   _printf_hex_int_ll_ptr.o
         6          0          0          0          0          0   _printf_i.o
       178          0          0          0          0         88   _printf_intcommon.o
        10          0          0          0          0          0   _printf_l.o
         6          0          0          0          0          0   _printf_lc.o
        10          0          0          0          0          0   _printf_ll.o
         6          0          0          0          0          0   _printf_lld.o
         6          0          0          0          0          0   _printf_lli.o
         6          0          0          0          0          0   _printf_llo.o
         6          0          0          0          0          0   _printf_llu.o
         6          0          0          0          0          0   _printf_llx.o
       124         16          0          0          0         92   _printf_longlong_dec.o
         6          0          0          0          0          0   _printf_ls.o
         6          0          0          0          0          0   _printf_n.o
         6          0          0          0          0          0   _printf_o.o
       112          8          0          0          0        124   _printf_oct_int_ll.o
         6          0          0          0          0          0   _printf_p.o
        78          0          0          0          0        108   _printf_pad.o
         0          0          0          0          0          0   _printf_percent.o
         4          0          0          0          0          0   _printf_percent_end.o
         6          0          0          0          0          0   _printf_s.o
        82          0          0          0          0         80   _printf_str.o
        36          0          0          0          0         84   _printf_truncate.o
         6          0          0          0          0          0   _printf_u.o
        44          0          0          0          0        108   _printf_wchar.o
       188          6          8          0          0         92   _printf_wctomb.o
         6          0          0          0          0          0   _printf_x.o
        16          0          0          0          0         68   _snputc.o
       228          4        148          0          0         96   bigflt0.o
      1936        128          0          0          0        668   btod.o
        18          0          0          0          0         80   exit.o
         6          0          0          0          0        152   heapauxi.o
         0          0          0          0          0          0   indicate_semi.o
        44         10        272          0          0         76   lc_ctype_c.o
        44         10         28          0          0         76   lc_numeric_c.o
         2          0          0          0          0          0   libinit.o
        34          0          0          0          0          0   libinit2.o
         2          0          0          0          0          0   libshutdown.o
         2          0          0          0          0          0   libshutdown2.o
         8          4          0          0         96         68   libspace.o
       138          0          0          0          0         80   lludiv10.o
        16          4          0          0          0         76   rt_ctype_table.o
         8          4          0          0          0         68   rt_locale_intlibspace.o
         2          0          0          0          0          0   rtexit.o
        10          0          0          0          0          0   rtexit2.o
        64          6          0          0          0         84   snprintf.o
       124          0          0          0          0         88   strcmpv7em.o
        62          0          0          0          0         76   strlen.o
        36          0          0          0          0         76   strncat.o
        12          4          0          0          0         68   sys_exit.o
        74          0          0          0          0         80   sys_stackheap_outer.o
         2          0          0          0          0         68   use_no_semi.o
        26          0          0          0          0        116   fpinit.o
         4          0          0          0          0        116   printf1.o
         4          0          0          0          0        116   printf2.o
         0          0          0          0          0          0   usenofp.o
        48          0          0          0          0        124   fpclassify.o

    ----------------------------------------------------------------------
      6974        270        552          0         96       4476   Library Totals
        22          4          1          0          0          0   (incl. Padding)

    ----------------------------------------------------------------------

      Code (inc. data)   RO Data    RW Data    ZI Data      Debug   Library Name

      6870        266        551          0         96       4004   c_w.l
        34          0          0          0          0        348   fz_wm.l
        48          0          0          0          0        124   m_wm.l

    ----------------------------------------------------------------------
      6974        270        552          0         96       4476   Library Totals

    ----------------------------------------------------------------------

==============================================================================


      Code (inc. data)   RO Data    RW Data    ZI Data      Debug   

     10508        296       1008         48       1648      42439   Grand Totals
     10508        296       1008         48       1648      42439   ELF Image Totals
     10508        296       1008         48          0          0   ROM Totals

==============================================================================

    Total RO  Size (Code + RO Data)                11516 (  11.25kB)
    Total RW  Size (RW Data + ZI Data)              1696 (   1.66kB)
    Total ROM Size (Code + RO Data + RW Data)      11564 (  11.29kB)

==============================================================================

